#
# A fatal error has been detected by the Java Runtime Environment:
#
#  EXCEPTION_ACCESS_VIOLATION (0xc0000005) at pc=0x00007ffe3065ca66, pid=45012, tid=9268
#
# JRE version: OpenJDK Runtime Environment Temurin-21.0.9+10 (21.0.9+10) (build 21.0.9+10-LTS)
# Java VM: OpenJDK 64-Bit Server VM Temurin-21.0.9+10 (21.0.9+10-LTS, mixed mode, emulated-client, sharing, tiered, compressed oops, compressed class ptrs, g1 gc, windows-amd64)
# Problematic frame:
# V  [jvm.dll+0xca66]
#
# No core dump will be written. Minidumps are not enabled by default on client versions of Windows
#
# If you would like to submit a bug report, please visit:
#   https://github.com/adoptium/adoptium-support/issues
#

---------------  S U M M A R Y ------------

Command Line: -XX:+ShowCodeDetailsInExceptionMessages -agentlib:jdwp=transport=dt_socket,suspend=y,address=localhost:50743 -Dcom.sun.management.jmxremote -Dcom.sun.management.jmxremote.port=50742 -Dcom.sun.management.jmxremote.authenticate=false -Dcom.sun.management.jmxremote.ssl=false -Djava.rmi.server.hostname=localhost -Dspring.jmx.enabled=true -Dmanagement.endpoints.jmx.exposure.include=* -Dspring.application.admin.enabled=true -Dspring.output.ansi.enabled=always -XX:TieredStopAtLevel=1 -Dspring.boot.project.name=kitanoaji -javaagent:C:\pleiades\2025-12\eclipse\configuration\org.eclipse.osgi\258\0\.cp\lib\javaagent-shaded.jar -Dfile.encoding=UTF-8 -Dstdout.encoding=UTF-8 -Dstderr.encoding=UTF-8 com.example.demo.KitanoajiApplication

Host: Intel(R) Core(TM) Ultra 7 155U, 14 cores, 31G,  Windows 11 , 64 bit Build 26100 (10.0.26100.8328)
Time: Thu May 21 10:29:17 2026 elapsed time: 569.435640 seconds (0d 0h 9m 29s)

---------------  T H R E A D  ---------------

Current thread (0x000001ac6941c9c0):  WorkerThread "GC Thread#4"    [id=9268, stack(0x0000006aea800000,0x0000006aea900000) (1024K)]

Stack: [0x0000006aea800000,0x0000006aea900000],  sp=0x0000006aea8fdfc8,  free space=1015k
Native frames: (J=compiled Java code, j=interpreted, Vv=VM code, C=native code)
V  [jvm.dll+0xca66]

JavaThread 0x000001ac6b26bd00 (nid = 36724) was being processed
Java frames: (J=compiled Java code, j=interpreted, Vv=VM code)
j  java.lang.invoke.DirectMethodHandle$Holder.newInvokeSpecial(Ljava/lang/Object;Ljava/lang/Object;Ljava/lang/Object;)Ljava/lang/Object;+19 java.base@21.0.9
j  java.lang.invoke.LambdaForm$MH+0x000001ac25772c00.invoke(Ljava/lang/Object;Ljava/lang/Object;Ljava/lang/Object;)Ljava/lang/Object;+52 java.base@21.0.9
J 903 c1 jdk.internal.reflect.DirectConstructorHandleAccessor.newInstance([Ljava/lang/Object;)Ljava/lang/Object; java.base@21.0.9 (130 bytes) @ 0x000001ac134f2364 [0x000001ac134f20e0+0x0000000000000284]
J 867 c1 java.lang.reflect.Constructor.newInstanceWithCaller([Ljava/lang/Object;ZLjava/lang/Class;)Ljava/lang/Object; java.base@21.0.9 (51 bytes) @ 0x000001ac133c57bc [0x000001ac133c56e0+0x00000000000000dc]
J 3573 c1 org.springframework.beans.BeanUtils.instantiateClass(Ljava/lang/reflect/Constructor;[Ljava/lang/Object;)Ljava/lang/Object; (208 bytes) @ 0x000001ac13980084 [0x000001ac1397fb80+0x0000000000000504]
j  org.springframework.beans.factory.support.SimpleInstantiationStrategy.instantiate(Lorg/springframework/beans/factory/support/RootBeanDefinition;Ljava/lang/String;Lorg/springframework/beans/factory/BeanFactory;Ljava/lang/reflect/Constructor;[Ljava/lang/Object;)Ljava/lang/Object;+11
j  org.springframework.beans.factory.support.ConstructorResolver.instantiate(Ljava/lang/String;Lorg/springframework/beans/factory/support/RootBeanDefinition;Ljava/lang/reflect/Constructor;[Ljava/lang/Object;)Ljava/lang/Object;+20
j  org.springframework.beans.factory.support.ConstructorResolver.autowireConstructor(Ljava/lang/String;Lorg/springframework/beans/factory/support/RootBeanDefinition;[Ljava/lang/reflect/Constructor;[Ljava/lang/Object;)Lorg/springframework/beans/BeanWrapper;+912
j  org.springframework.beans.factory.support.AbstractAutowireCapableBeanFactory.autowireConstructor(Ljava/lang/String;Lorg/springframework/beans/factory/support/RootBeanDefinition;[Ljava/lang/reflect/Constructor;[Ljava/lang/Object;)Lorg/springframework/beans/BeanWrapper;+13
j  org.springframework.beans.factory.support.AbstractAutowireCapableBeanFactory.createBeanInstance(Ljava/lang/String;Lorg/springframework/beans/factory/support/RootBeanDefinition;[Ljava/lang/Object;)Lorg/springframework/beans/BeanWrapper;+213
J 5294 c1 org.springframework.beans.factory.support.AbstractAutowireCapableBeanFactory.doCreateBean(Ljava/lang/String;Lorg/springframework/beans/factory/support/RootBeanDefinition;[Ljava/lang/Object;)Ljava/lang/Object; (465 bytes) @ 0x000001ac13c64dac [0x000001ac13c64c00+0x00000000000001ac]
J 5293 c1 org.springframework.beans.factory.support.AbstractAutowireCapableBeanFactory.createBean(Ljava/lang/String;Lorg/springframework/beans/factory/support/RootBeanDefinition;[Ljava/lang/Object;)Ljava/lang/Object; (214 bytes) @ 0x000001ac13c6102c [0x000001ac13c60b40+0x00000000000004ec]
J 5299 c1 org.springframework.beans.factory.support.AbstractBeanFactory$$Lambda+0x000001ac252c92c0.getObject()Ljava/lang/Object; (20 bytes) @ 0x000001ac13c6913c [0x000001ac13c690a0+0x000000000000009c]
J 5292 c1 org.springframework.beans.factory.support.DefaultSingletonBeanRegistry.getSingleton(Ljava/lang/String;Lorg/springframework/beans/factory/ObjectFactory;)Ljava/lang/Object; (1299 bytes) @ 0x000001ac13c6b534 [0x000001ac13c6a280+0x00000000000012b4]
J 3319 c1 org.springframework.beans.factory.support.AbstractBeanFactory.doGetBean(Ljava/lang/String;Ljava/lang/Class;[Ljava/lang/Object;Z)Ljava/lang/Object; (791 bytes) @ 0x000001ac1390c42c [0x000001ac1390bda0+0x000000000000068c]
J 5339 c1 org.springframework.beans.factory.support.DefaultListableBeanFactory.instantiateSingleton(Ljava/lang/String;)V (56 bytes) @ 0x000001ac13c86f74 [0x000001ac13c86b20+0x0000000000000454]
J 5338 c1 org.springframework.beans.factory.support.DefaultListableBeanFactory.preInstantiateSingleton(Ljava/lang/String;Lorg/springframework/beans/factory/support/RootBeanDefinition;)Ljava/util/concurrent/CompletableFuture; (165 bytes) @ 0x000001ac13c86184 [0x000001ac13c85ee0+0x00000000000002a4]
j  org.springframework.beans.factory.support.DefaultListableBeanFactory.preInstantiateSingletons()V+130
j  org.springframework.context.support.AbstractApplicationContext.finishBeanFactoryInitialization(Lorg/springframework/beans/factory/config/ConfigurableListableBeanFactory;)V+290
j  org.springframework.context.support.AbstractApplicationContext.refresh()V+94
j  org.springframework.boot.web.server.servlet.context.ServletWebServerApplicationContext.refresh()V+1
j  org.springframework.boot.SpringApplication.refresh(Lorg/springframework/context/ConfigurableApplicationContext;)V+1
j  org.springframework.boot.SpringApplication.refreshContext(Lorg/springframework/context/ConfigurableApplicationContext;)V+19
j  org.springframework.boot.SpringApplication.run([Ljava/lang/String;)Lorg/springframework/context/ConfigurableApplicationContext;+113
j  org.springframework.boot.SpringApplication.run([Ljava/lang/Class;[Ljava/lang/String;)Lorg/springframework/context/ConfigurableApplicationContext;+9
j  org.springframework.boot.SpringApplication.run(Ljava/lang/Class;[Ljava/lang/String;)Lorg/springframework/context/ConfigurableApplicationContext;+9
j  com.example.demo.KitanoajiApplication.main([Ljava/lang/String;)V+3
j  java.lang.invoke.LambdaForm$DMH+0x000001ac25004c00.invokeStatic(Ljava/lang/Object;Ljava/lang/Object;)V+10 java.base@21.0.9
j  java.lang.invoke.LambdaForm$MH+0x000001ac25784400.invoke(Ljava/lang/Object;Ljava/lang/Object;Ljava/lang/Object;)Ljava/lang/Object;+33 java.base@21.0.9
J 4511 c1 jdk.internal.reflect.DirectMethodHandleAccessor.invoke(Ljava/lang/Object;[Ljava/lang/Object;)Ljava/lang/Object; java.base@21.0.9 (92 bytes) @ 0x000001ac13afc87c [0x000001ac13afc4c0+0x00000000000003bc]
J 4860 c1 java.lang.reflect.Method.invoke(Ljava/lang/Object;[Ljava/lang/Object;)Ljava/lang/Object; java.base@21.0.9 (108 bytes) @ 0x000001ac13bac0f4 [0x000001ac13babf00+0x00000000000001f4]
j  org.springframework.boot.devtools.restart.RestartLauncher.run()V+47
v  ~StubRoutines::call_stub 0x000001ac130d100d

siginfo: EXCEPTION_ACCESS_VIOLATION (0xc0000005), reading address 0x000001ac4872b923


Registers:
RAX=0x0000000000000000, RBX=0x000001ac6b3cfea8, RCX=0x0000006ae9cfd8c8, RDX=0x0000006ae9cfd8c8
RSP=0x0000006aea8fdfc8, RBP=0x0000006aea8fe180, RSI=0x0000000000000807, RDI=0x0000006ae9cfd8c8
R8 =0x000001ac4872b91b, R9 =0x0000006ae9cfd8c8, R10=0x000001ac130d0000, R11=0x0000006aea8fe1f8
R12=0x0000006ae9cfd8c8, R13=0x000001ac4872b91b, R14=0x000001ac693fd290, R15=0x000001ac6b620d10
RIP=0x00007ffe3065ca66, EFLAGS=0x0000000000010206

XMM[0]=0x3b3b3b3b3b3b3b3b 0x3b3b3b3b3b3b3b3b
XMM[1]=0x00000000000000ff 0x0000000000000000
XMM[2]=0x0000000000000000 0x0000000000000000
XMM[3]=0x0000000000000000 0x4081cb4d63a33d87
XMM[4]=0x0000000000000000 0x0000000000000000
XMM[5]=0x0000000000000000 0x0000000000000000
XMM[6]=0x0000000000000000 0x0000000000000000
XMM[7]=0x0000000000000000 0x0000000000000000
XMM[8]=0x0000000000000000 0x0000000000000000
XMM[9]=0x0000000000000000 0x0000000000000000
XMM[10]=0x0000000000000000 0x0000000000000000
XMM[11]=0x0000000000000000 0x0000000000000000
XMM[12]=0x0000000000000000 0x0000000000000000
XMM[13]=0x0000000000000000 0x0000000000000000
XMM[14]=0x0000000000000000 0x0000000000000000
XMM[15]=0x0000000000000000 0x0000000000000000
  MXCSR=0x00001fa0


Register to memory mapping:

RAX=0x0 is null
RBX=0x000001ac6b3cfea8 points into unknown readable memory: 0x00007ffe3108ae70 | 70 ae 08 31 fe 7f 00 00
RCX=0x0000006ae9cfd8c8 is pointing into the stack for thread: 0x000001ac6b26bd00
RDX=0x0000006ae9cfd8c8 is pointing into the stack for thread: 0x000001ac6b26bd00
RSP=0x0000006aea8fdfc8 points into unknown readable memory: 0x00007ffe309b085b | 5b 08 9b 30 fe 7f 00 00
RBP=0x0000006aea8fe180 points into unknown readable memory: 0x000001ac00000000 | 00 00 00 00 ac 01 00 00
RSI=0x0000000000000807 is an unknown value
RDI=0x0000006ae9cfd8c8 is pointing into the stack for thread: 0x000001ac6b26bd00
R8 =0x000001ac4872b91b is an unknown value
R9 =0x0000006ae9cfd8c8 is pointing into the stack for thread: 0x000001ac6b26bd00
R10=0x000001ac130d0000 points into unknown readable memory: 0x0000000000000006 | 06 00 00 00 00 00 00 00
R11=0x0000006aea8fe1f8 points into unknown readable memory: 0x00007ffe3096cd85 | 85 cd 96 30 fe 7f 00 00
R12=0x0000006ae9cfd8c8 is pointing into the stack for thread: 0x000001ac6b26bd00
R13=0x000001ac4872b91b is an unknown value
R14=0x000001ac693fd290 points into unknown readable memory: 0x0000000000000002 | 02 00 00 00 00 00 00 00
R15=0x000001ac6b620d10 points into unknown readable memory: 0x00007ffe31089188 | 88 91 08 31 fe 7f 00 00

Top of Stack: (sp=0x0000006aea8fdfc8)
0x0000006aea8fdfc8:   00007ffe309b085b 0000000000000008
0x0000006aea8fdfd8:   00000000000003d8 000000000000000e
0x0000006aea8fdfe8:   00007ffe30df0411 00000000000001d0
0x0000006aea8fdff8:   00007ffe30d14c03 000001ac6b3cfea8
0x0000006aea8fe008:   0000000000000000 000001ac693fd290
0x0000006aea8fe018:   000001ac23908260 000001ac24542140
0x0000006aea8fe028:   0000006ae9cfd8c8 0000006aea8fe330
0x0000006aea8fe038:   0000006aea8fe180 000001ac6b3cfea8
0x0000006aea8fe048:   00007ffe309bef84 0000006aea8fe110
0x0000006aea8fe058:   0000006aea8fe330 000001ac24480090
0x0000006aea8fe068:   0000000000000000 0000000000000003
0x0000006aea8fe078:   00007ffe3096d2db 000001ac6b3cfea8
0x0000006aea8fe088:   000001ac6b3cfea8 000001ac240b5860
0x0000006aea8fe098:   0000000000000000 0000001300000001
0x0000006aea8fe0a8:   000001ac240b5860 000001ac6941c9c0
0x0000006aea8fe0b8:   000001ac00000005 00000000000003d8
0x0000006aea8fe0c8:   000001ac23908270 000001ac23908648
0x0000006aea8fe0d8:   000001ac2472b91b 000001ac000000b8
0x0000006aea8fe0e8:   000001ac240b5860 00007ffe31080700
0x0000006aea8fe0f8:   0000006aea8fe330 000001ac6b3cfea8
0x0000006aea8fe108:   0000000300000001 000001ac24542140
0x0000006aea8fe118:   0000001300000001 0000000000000056
0x0000006aea8fe128:   000000010000000c 000001ac24480090
0x0000006aea8fe138:   0000000000000000 000001ac6b585714
0x0000006aea8fe148:   0000000000000004 0000000400000002
0x0000006aea8fe158:   0000ffff09b80000 00007ffe30eb7b50
0x0000006aea8fe168:   000001ac6b3cff50 000001ac2412fca8
0x0000006aea8fe178:   0000000223900014 000001ac00000000
0x0000006aea8fe188:   0000000000000001 000001ac6b3cfea8
0x0000006aea8fe198:   00007ffe309befde 0000000000000000
0x0000006aea8fe1a8:   0000006a00000001 0000f2e1d0c7b060
0x0000006aea8fe1b8:   00007ffe3097dae7 000001ac6b3cff50 

Instructions: (pc=0x00007ffe3065ca66)
0x00007ffe3065c966:   48 8b 05 03 e5 cd 00 48 8b 48 60 48 8b 04 d1 48
0x00007ffe3065c976:   85 c0 75 08 48 8b 05 f7 e4 cd 00 c3 48 8b 05 e7
0x00007ffe3065c986:   e4 cd 00 c3 cc cc cc cc cc cc 8b 05 a2 b6 c2 00
0x00007ffe3065c996:   c3 cc cc cc cc cc cc cc cc cc 0f b6 05 65 d1 c2
0x00007ffe3065c9a6:   00 48 8b d1 84 c0 74 16 44 8b 41 08 8b 0d 80 b6
0x00007ffe3065c9b6:   c2 00 49 d3 e0 4c 03 05 6e b6 c2 00 eb 04 4c 8b
0x00007ffe3065c9c6:   41 08 45 8b 48 08 45 85 c9 7e 0e 41 f6 c1 01 75
0x00007ffe3065c9d6:   53 41 c1 f9 03 49 63 c1 c3 79 49 84 c0 41 b8 0c
0x00007ffe3065c9e6:   00 00 00 8b 05 b9 c7 c2 00 b9 10 00 00 00 41 0f
0x00007ffe3065c9f6:   45 c8 ff c8 4c 63 c0 41 8b c1 48 c1 f8 10 0f b6
0x00007ffe3065ca06:   c0 48 63 14 11 41 8b c9 83 e1 3f 48 d3 e2 49 8d
0x00007ffe3065ca16:   0c 10 49 f7 d0 48 03 c1 49 c1 e8 03 48 c1 e8 03
0x00007ffe3065ca26:   49 23 c0 c3 49 8b 00 49 8b c8 48 ff a0 00 01 00
0x00007ffe3065ca36:   00 cc cc cc cc cc cc cc cc cc 8b 44 24 30 45 03
0x00007ffe3065ca46:   c9 44 2b 4c 24 28 83 c0 0b 44 03 ca 45 03 c8 41
0x00007ffe3065ca56:   03 c1 c3 cc cc cc cc cc cc cc 4c 8b c2 48 8b d1
0x00007ffe3065ca66:   45 8b 48 08 45 85 c9 7e 0e 41 f6 c1 01 75 56 41
0x00007ffe3065ca76:   c1 f9 03 49 63 c1 c3 79 4c 80 3d 86 d0 c2 00 00
0x00007ffe3065ca86:   b8 0c 00 00 00 b9 10 00 00 00 0f 45 c8 8b 05 0f
0x00007ffe3065ca96:   c7 c2 00 ff c8 4c 63 c0 41 8b c1 48 c1 f8 10 48
0x00007ffe3065caa6:   63 14 11 41 8b c9 83 e1 3f 0f b6 c0 48 d3 e2 49
0x00007ffe3065cab6:   8d 0c 10 49 f7 d0 48 03 c1 49 c1 e8 03 48 c1 e8
0x00007ffe3065cac6:   03 49 23 c0 c3 49 8b 00 49 8b c8 48 ff a0 00 01
0x00007ffe3065cad6:   00 00 cc cc cc cc cc cc cc cc 48 8b 41 08 0f b7
0x00007ffe3065cae6:   48 2c 0f b7 40 2a 83 c0 48 03 c1 c3 cc cc cc cc
0x00007ffe3065caf6:   cc cc cc cc cc cc cc cc cc cc 48 89 5c 24 08 57
0x00007ffe3065cb06:   48 83 ec 20 0f b6 05 af cc cd 00 48 8b fa 48 8b
0x00007ffe3065cb16:   d9 84 c0 74 4f 48 85 15 56 c4 cd 00 74 38 48 8b
0x00007ffe3065cb26:   ca e8 94 98 8d 00 48 8b d0 48 85 db 74 25 48 85
0x00007ffe3065cb36:   c0 74 20 48 8b c7 f0 48 0f b1 13 74 16 48 85 05
0x00007ffe3065cb46:   2e c4 cd 00 74 0d 48 8b c8 f0 48 0f b1 13 48 3b
0x00007ffe3065cb56:   c1 75 ea 48 8b fa 48 8b c7 48 8b 5c 24 30 48 83 


Stack slot to memory mapping:

stack at sp + 0 slots: 0x00007ffe309b085b jvm.dll
stack at sp + 1 slots: 0x0000000000000008 is an unknown value
stack at sp + 2 slots: 0x00000000000003d8 is an unknown value
stack at sp + 3 slots: 0x000000000000000e is an unknown value
stack at sp + 4 slots: 0x00007ffe30df0411 jvm.dll
stack at sp + 5 slots: 0x00000000000001d0 is an unknown value
stack at sp + 6 slots: 0x00007ffe30d14c03 jvm.dll
stack at sp + 7 slots: 0x000001ac6b3cfea8 points into unknown readable memory: 0x00007ffe3108ae70 | 70 ae 08 31 fe 7f 00 00


---------------  P R O C E S S  ---------------

Threads class SMR info:
_java_thread_list=0x000001ac6b3195c0, length=26, elements={
0x000001ac20c69950, 0x000001ac20c6ea30, 0x000001ac20c6fb70, 0x000001ac20c705c0,
0x000001ac20c71010, 0x000001ac20c71a60, 0x000001ac20c724b0, 0x000001ac23a67ee0,
0x000001ac23a6c420, 0x000001ac23a6caa0, 0x000001ac23a6fbd0, 0x000001ac691f1770,
0x000001ac69417860, 0x000001ac694b8160, 0x000001ac694b93f0, 0x000001ac69873af0,
0x000001ac69987f00, 0x000001ac69af0c80, 0x000001ac6af19760, 0x000001ac69aeff60,
0x000001ac6b26b670, 0x000001ac6b26bd00, 0x000001ac6b268880, 0x000001ac6b26eaf0,
0x000001ac6b26c390, 0x000001ac6b26ca20
}

Java Threads: ( => current thread )
  0x000001ac20c69950 JavaThread "Reference Handler"          daemon [_thread_blocked, id=27036, stack(0x0000006ae9500000,0x0000006ae9600000) (1024K)]
  0x000001ac20c6ea30 JavaThread "Finalizer"                  daemon [_thread_blocked, id=42820, stack(0x0000006ae9600000,0x0000006ae9700000) (1024K)]
  0x000001ac20c6fb70 JavaThread "Signal Dispatcher"          daemon [_thread_blocked, id=40520, stack(0x0000006ae9700000,0x0000006ae9800000) (1024K)]
  0x000001ac20c705c0 JavaThread "Attach Listener"            daemon [_thread_blocked, id=26588, stack(0x0000006ae9800000,0x0000006ae9900000) (1024K)]
  0x000001ac20c71010 JavaThread "Service Thread"             daemon [_thread_blocked, id=39456, stack(0x0000006ae9900000,0x0000006ae9a00000) (1024K)]
  0x000001ac20c71a60 JavaThread "Monitor Deflation Thread"   daemon [_thread_blocked, id=31160, stack(0x0000006ae9a00000,0x0000006ae9b00000) (1024K)]
  0x000001ac20c724b0 JavaThread "C1 CompilerThread0"         daemon [_thread_blocked, id=32780, stack(0x0000006ae9b00000,0x0000006ae9c00000) (1024K)]
  0x000001ac23a67ee0 JavaThread "JDWP Transport Listener: dt_socket" daemon [_thread_blocked, id=44776, stack(0x0000006ae9d00000,0x0000006ae9e00000) (1024K)]
  0x000001ac23a6c420 JavaThread "JDWP Event Helper Thread"   daemon [_thread_blocked, id=31084, stack(0x0000006ae9e00000,0x0000006ae9f00000) (1024K)]
  0x000001ac23a6caa0 JavaThread "JDWP Command Reader"        daemon [_thread_in_native, id=37524, stack(0x0000006ae9f00000,0x0000006aea000000) (1024K)]
  0x000001ac23a6fbd0 JavaThread "Common-Cleaner"             daemon [_thread_blocked, id=25380, stack(0x0000006aea000000,0x0000006aea100000) (1024K)]
  0x000001ac691f1770 JavaThread "Notification Thread"        daemon [_thread_blocked, id=37932, stack(0x0000006aea100000,0x0000006aea200000) (1024K)]
  0x000001ac69417860 JavaThread "RMI TCP Accept-0"           daemon [_thread_in_native, id=29944, stack(0x0000006aea400000,0x0000006aea500000) (1024K)]
  0x000001ac694b8160 JavaThread "RMI TCP Accept-50742"       daemon [_thread_blocked, id=35080, stack(0x0000006aeaf00000,0x0000006aeb000000) (1024K)]
  0x000001ac694b93f0 JavaThread "RMI TCP Accept-0"           daemon [_thread_in_native, id=14356, stack(0x0000006aeb000000,0x0000006aeb100000) (1024K)]
  0x000001ac69873af0 JavaThread "RMI Scheduler(0)"           daemon [_thread_blocked, id=14816, stack(0x0000006aeb200000,0x0000006aeb300000) (1024K)]
  0x000001ac69987f00 JavaThread "JMX server connection timeout 41" daemon [_thread_blocked, id=29632, stack(0x0000006aeb400000,0x0000006aeb500000) (1024K)]
  0x000001ac69af0c80 JavaThread "Cleaner-0"                  daemon [_thread_blocked, id=37612, stack(0x0000006aebd00000,0x0000006aebe00000) (1024K)]
  0x000001ac6af19760 JavaThread "DestroyJavaVM"                     [_thread_blocked, id=7564, stack(0x0000006ae8d00000,0x0000006ae8e00000) (1024K)]
  0x000001ac69aeff60 JavaThread "RMI TCP Connection(idle)"   daemon [_thread_blocked, id=29732, stack(0x0000006aecf00000,0x0000006aed000000) (1024K)]
  0x000001ac6b26b670 JavaThread "Thread-1"                          [_thread_blocked, id=43736, stack(0x0000006ae8c00000,0x0000006ae8d00000) (1024K)]
  0x000001ac6b26bd00 JavaThread "restartedMain"                     [_thread_blocked, id=36724, stack(0x0000006ae9c00000,0x0000006ae9d00000) (1024K)]
  0x000001ac6b268880 JavaThread "Catalina-utility-1"                [_thread_blocked, id=42452, stack(0x0000006aeb100000,0x0000006aeb200000) (1024K)]
  0x000001ac6b26eaf0 JavaThread "Catalina-utility-2"                [_thread_blocked, id=41192, stack(0x0000006aeb300000,0x0000006aeb400000) (1024K)]
  0x000001ac6b26c390 JavaThread "container-0"                       [_thread_blocked, id=42248, stack(0x0000006aeb500000,0x0000006aeb600000) (1024K)]
  0x000001ac6b26ca20 JavaThread "HikariPool-2:housekeeper"   daemon [_thread_blocked, id=37040, stack(0x0000006aeb600000,0x0000006aeb700000) (1024K)]
Total: 26

Other Threads:
  0x000001ac20c4b220 VMThread "VM Thread"                           [id=32708, stack(0x0000006ae9400000,0x0000006ae9500000) (1024K)]
  0x000001ac20c38ae0 WatcherThread "VM Periodic Task Thread"        [id=29060, stack(0x0000006ae9300000,0x0000006ae9400000) (1024K)]
  0x000001ac0943fff0 WorkerThread "GC Thread#0"                     [id=42360, stack(0x0000006ae8e00000,0x0000006ae8f00000) (1024K)]
  0x000001ac6941bee0 WorkerThread "GC Thread#1"                     [id=4404, stack(0x0000006aea500000,0x0000006aea600000) (1024K)]
  0x000001ac6941c280 WorkerThread "GC Thread#2"                     [id=24796, stack(0x0000006aea600000,0x0000006aea700000) (1024K)]
  0x000001ac6941c620 WorkerThread "GC Thread#3"                     [id=7112, stack(0x0000006aea700000,0x0000006aea800000) (1024K)]
=>0x000001ac6941c9c0 WorkerThread "GC Thread#4"                     [id=9268, stack(0x0000006aea800000,0x0000006aea900000) (1024K)]
  0x000001ac6941cd60 WorkerThread "GC Thread#5"                     [id=22044, stack(0x0000006aea900000,0x0000006aeaa00000) (1024K)]
  0x000001ac6941d100 WorkerThread "GC Thread#6"                     [id=16960, stack(0x0000006aeaa00000,0x0000006aeab00000) (1024K)]
  0x000001ac694b09c0 WorkerThread "GC Thread#7"                     [id=5704, stack(0x0000006aeab00000,0x0000006aeac00000) (1024K)]
  0x000001ac694b3170 WorkerThread "GC Thread#8"                     [id=19192, stack(0x0000006aeac00000,0x0000006aead00000) (1024K)]
  0x000001ac694b4780 WorkerThread "GC Thread#9"                     [id=15232, stack(0x0000006aead00000,0x0000006aeae00000) (1024K)]
  0x000001ac694b4b20 WorkerThread "GC Thread#10"                    [id=30284, stack(0x0000006aeae00000,0x0000006aeaf00000) (1024K)]
  0x000001ac20ab3f80 ConcurrentGCThread "G1 Main Marker"            [id=3488, stack(0x0000006ae8f00000,0x0000006ae9000000) (1024K)]
  0x000001ac20ab4990 WorkerThread "G1 Conc#0"                       [id=39868, stack(0x0000006ae9000000,0x0000006ae9100000) (1024K)]
  0x000001ac694b3560 WorkerThread "G1 Conc#1"                       [id=41444, stack(0x0000006aeb800000,0x0000006aeb900000) (1024K)]
  0x000001ac694b4040 WorkerThread "G1 Conc#2"                       [id=25280, stack(0x0000006aeb900000,0x0000006aeba00000) (1024K)]
  0x000001ac20b8f660 ConcurrentGCThread "G1 Refine#0"               [id=17812, stack(0x0000006ae9100000,0x0000006ae9200000) (1024K)]
  0x000001ac20b8ff80 ConcurrentGCThread "G1 Service"                [id=31020, stack(0x0000006ae9200000,0x0000006ae9300000) (1024K)]
Total: 19

Threads with active compile tasks:
Total: 0

VM state: at safepoint (normal execution)

VM Mutex/Monitor currently owned by a thread:  ([mutex/lock_event])
[0x00007ffe3130d570] Threads_lock - owner thread: 0x000001ac20c4b220
[0x00007ffe3130d670] Heap_lock - owner thread: 0x000001ac694b8160

Heap address: 0x0000000608800000, size: 8056 MB, Compressed Oops mode: Zero based, Oop shift amount: 3

CDS archive(s) mapped at: [0x000001ac24000000-0x000001ac24c80000-0x000001ac24c80000), size 13107200, SharedBaseAddress: 0x000001ac24000000, ArchiveRelocationMode: 1.
Compressed class space mapped at: 0x000001ac25000000-0x000001ac65000000, reserved size: 1073741824
Narrow klass base: 0x000001ac24000000, Narrow klass shift: 0, Narrow klass range: 0x100000000

GC Precious Log:
 CardTable entry size: 512
 Card Set container configuration: InlinePtr #cards 4 size 8 Array Of Cards #cards 32 size 80 Howl #buckets 8 coarsen threshold 7372 Howl Bitmap #cards 1024 size 144 coarsen threshold 921 Card regions per heap region 1 cards per card region 8192
 CPUs: 14 total, 14 available
 Memory: 32212M
 Large Page Support: Disabled
 NUMA Support: Disabled
 Compressed Oops: Enabled (Zero based)
 Heap Region Size: 4M
 Heap Min Capacity: 8M
 Heap Initial Capacity: 504M
 Heap Max Capacity: 8056M
 Pre-touch: Disabled
 Parallel Workers: 11
 Concurrent Workers: 3
 Concurrent Refinement Workers: 11
 Periodic GC: Disabled

Heap:
 garbage-first heap   total 98304K, used 77523K [0x0000000608800000, 0x0000000800000000)
  region size 4096K, 16 young (65536K), 2 survivors (8192K)
 Metaspace       used 53967K, committed 54976K, reserved 1114112K
  class space    used 7294K, committed 7744K, reserved 1048576K

Heap Regions: E=young(eden), S=young(survivor), O=old, HS=humongous(starts), HC=humongous(continues), CS=collection set, F=free, TAMS=top-at-mark-start, PB=parsable bottom
|   0|0x0000000608800000, 0x0000000608bc85a0, 0x0000000608c00000| 94%| O|  |TAMS 0x0000000608800000| PB 0x0000000608800000| Untracked 
|   1|0x0000000608c00000, 0x0000000608eca7b8, 0x0000000609000000| 69%| O|  |TAMS 0x0000000608c00000| PB 0x0000000608c00000| Untracked 
|   2|0x0000000609000000, 0x00000006093dbfd8, 0x0000000609400000| 96%| O|  |TAMS 0x0000000609000000| PB 0x0000000609000000| Untracked 
|   3|0x0000000609400000, 0x0000000609800000, 0x0000000609800000|100%| O|  |TAMS 0x0000000609400000| PB 0x0000000609400000| Untracked 
|   4|0x0000000609800000, 0x0000000609addfa0, 0x0000000609c00000| 71%| O|  |TAMS 0x0000000609800000| PB 0x0000000609800000| Untracked 
|   5|0x0000000609c00000, 0x0000000609e01a28, 0x000000060a000000| 50%| O|  |TAMS 0x0000000609c00000| PB 0x0000000609c00000| Untracked 
|   6|0x000000060a000000, 0x000000060a000000, 0x000000060a400000|  0%| F|  |TAMS 0x000000060a000000| PB 0x000000060a000000| Untracked 
|   7|0x000000060a400000, 0x000000060a55aad0, 0x000000060a800000| 33%| S|  |TAMS 0x000000060a400000| PB 0x000000060a400000| Complete 
|   8|0x000000060a800000, 0x000000060ac00000, 0x000000060ac00000|100%| S|  |TAMS 0x000000060a800000| PB 0x000000060a800000| Complete 
|   9|0x000000060ac00000, 0x000000060ac66758, 0x000000060b000000| 10%| O|  |TAMS 0x000000060ac00000| PB 0x000000060ac00000| Untracked 
|  10|0x000000060b000000, 0x000000060b400000, 0x000000060b400000|100%| E|CS|TAMS 0x000000060b000000| PB 0x000000060b000000| Complete 
|  11|0x000000060b400000, 0x000000060b800000, 0x000000060b800000|100%| E|CS|TAMS 0x000000060b400000| PB 0x000000060b400000| Complete 
|  12|0x000000060b800000, 0x000000060bc00000, 0x000000060bc00000|100%| E|CS|TAMS 0x000000060b800000| PB 0x000000060b800000| Complete 
|  13|0x000000060bc00000, 0x000000060c000000, 0x000000060c000000|100%| E|CS|TAMS 0x000000060bc00000| PB 0x000000060bc00000| Complete 
|  14|0x000000060c000000, 0x000000060c400000, 0x000000060c400000|100%| E|CS|TAMS 0x000000060c000000| PB 0x000000060c000000| Complete 
|  15|0x000000060c400000, 0x000000060c800000, 0x000000060c800000|100%| E|CS|TAMS 0x000000060c400000| PB 0x000000060c400000| Complete 
|  16|0x000000060c800000, 0x000000060cc00000, 0x000000060cc00000|100%| E|CS|TAMS 0x000000060c800000| PB 0x000000060c800000| Complete 
|  17|0x000000060cc00000, 0x000000060d000000, 0x000000060d000000|100%| E|CS|TAMS 0x000000060cc00000| PB 0x000000060cc00000| Complete 
|  18|0x000000060d000000, 0x000000060d400000, 0x000000060d400000|100%| E|CS|TAMS 0x000000060d000000| PB 0x000000060d000000| Complete 
|  19|0x000000060d400000, 0x000000060d800000, 0x000000060d800000|100%| E|CS|TAMS 0x000000060d400000| PB 0x000000060d400000| Complete 
|  20|0x000000060d800000, 0x000000060dc00000, 0x000000060dc00000|100%| E|CS|TAMS 0x000000060d800000| PB 0x000000060d800000| Complete 
|  21|0x000000060dc00000, 0x000000060e000000, 0x000000060e000000|100%| E|CS|TAMS 0x000000060dc00000| PB 0x000000060dc00000| Complete 
|  22|0x000000060e000000, 0x000000060e400000, 0x000000060e400000|100%| E|CS|TAMS 0x000000060e000000| PB 0x000000060e000000| Complete 
|  23|0x000000060e400000, 0x000000060e800000, 0x000000060e800000|100%| E|CS|TAMS 0x000000060e400000| PB 0x000000060e400000| Complete 

Card table byte_map: [0x000001ac17c40000,0x000001ac18c00000] _byte_map_base: 0x000001ac14bfc000

Marking Bits: (CMBitMap*) 0x000001ac09440600
 Bits: [0x000001ac18c00000, 0x000001ac209e0000)

Polling page: 0x000001ac090f0000

Metaspace:

Usage:
  Non-class:     45.58 MB used.
      Class:      7.12 MB used.
       Both:     52.70 MB used.

Virtual space:
  Non-class space:       64.00 MB reserved,      46.12 MB ( 72%) committed,  1 nodes.
      Class space:        1.00 GB reserved,       7.56 MB ( <1%) committed,  1 nodes.
             Both:        1.06 GB reserved,      53.69 MB (  5%) committed. 

Chunk freelists:
   Non-Class:  1.29 MB
       Class:  8.43 MB
        Both:  9.71 MB

MaxMetaspaceSize: unlimited
CompressedClassSpaceSize: 1.00 GB
Initial GC threshold: 21.00 MB
Current GC threshold: 89.50 MB
CDS: on
 - commit_granule_bytes: 65536.
 - commit_granule_words: 8192.
 - virtual_space_node_default_size: 8388608.
 - enlarge_chunks_in_place: 1.
 - use_allocation_guard: 0.


Internal statistics:

num_allocs_failed_limit: 3.
num_arena_births: 1278.
num_arena_deaths: 434.
num_vsnodes_births: 2.
num_vsnodes_deaths: 0.
num_space_committed: 859.
num_space_uncommitted: 0.
num_chunks_returned_to_freelist: 495.
num_chunks_taken_from_freelist: 3237.
num_chunk_merges: 120.
num_chunk_splits: 2125.
num_chunks_enlarged: 1535.
num_inconsistent_stats: 0.

CodeCache: size=49152Kb used=16519Kb max_used=17520Kb free=32632Kb
 bounds [0x000001ac130d0000, 0x000001ac141f0000, 0x000001ac160d0000]
 total_blobs=8908, nmethods=8249, adapters=581, full_count=0
Compilation: enabled, stopped_count=0, restarted_count=0

Compilation events (20 events):
Event: 397.423 Thread 0x000001ac20c724b0 8887       1       java.util.HashMap$Values::toArray (16 bytes)
Event: 397.423 Thread 0x000001ac20c724b0 nmethod 8887 0x000001ac14043490 code [0x000001ac14043640, 0x000001ac14043778]
Event: 437.442 Thread 0x000001ac20c724b0 8888       1       org.apache.catalina.core.ContainerBase::getBackgroundProcessorDelay (5 bytes)
Event: 437.443 Thread 0x000001ac20c724b0 nmethod 8888 0x000001ac14043190 code [0x000001ac14043320, 0x000001ac140433e8]
Event: 437.443 Thread 0x000001ac20c724b0 8889       1       org.apache.catalina.valves.ValveBase::backgroundProcess (1 bytes)
Event: 437.443 Thread 0x000001ac20c724b0 nmethod 8889 0x000001ac14042e90 code [0x000001ac14043020, 0x000001ac140430e8]
Event: 456.518 Thread 0x000001ac20c724b0 8890   !   1       sun.nio.ch.NioSocketImpl::setOption (538 bytes)
Event: 456.522 Thread 0x000001ac20c724b0 nmethod 8890 0x000001ac1403fd10 code [0x000001ac14040120, 0x000001ac14041928]
Event: 457.445 Thread 0x000001ac20c724b0 8891   !   1       org.apache.catalina.core.ContainerBase::findChildren (67 bytes)
Event: 457.446 Thread 0x000001ac20c724b0 nmethod 8891 0x000001ac1403f190 code [0x000001ac1403f3c0, 0x000001ac1403f920]
Event: 481.135 Thread 0x000001ac20c724b0 8892       1       java.io.BufferedInputStream::fill (204 bytes)
Event: 481.137 Thread 0x000001ac20c724b0 nmethod 8892 0x000001ac1403e690 code [0x000001ac1403e8c0, 0x000001ac1403ef20]
Event: 537.614 Thread 0x000001ac20c724b0 8893       1       com.zaxxer.hikari.pool.PoolEntry::getState (8 bytes)
Event: 537.615 Thread 0x000001ac20c724b0 nmethod 8893 0x000001ac1403e290 code [0x000001ac1403e440, 0x000001ac1403e588]
Event: 537.615 Thread 0x000001ac20c724b0 8894       1       java.util.concurrent.atomic.AtomicIntegerFieldUpdater$AtomicIntegerFieldUpdaterImpl::get (17 bytes)
Event: 537.615 Thread 0x000001ac20c724b0 nmethod 8894 0x000001ac1403de90 code [0x000001ac1403e040, 0x000001ac1403e178]
Event: 541.149 Thread 0x000001ac20c724b0 8895       1       java.net.InetSocketAddress$InetSocketAddressHolder::getPort (5 bytes)
Event: 541.149 Thread 0x000001ac20c724b0 nmethod 8895 0x000001ac1403db90 code [0x000001ac1403dd20, 0x000001ac1403dde8]
Event: 564.120 Thread 0x000001ac20c724b0 8896   !   1       org.postgresql.jdbc.PgStatement::closeUnclosedProcessedResults (91 bytes)
Event: 564.121 Thread 0x000001ac20c724b0 nmethod 8896 0x000001ac1403cf10 code [0x000001ac1403d160, 0x000001ac1403d6d8]

GC Heap History (20 events):
Event: 1.723 GC heap after
{Heap after GC invocations=7 (full 0):
 garbage-first heap   total 65536K, used 13139K [0x0000000608800000, 0x0000000800000000)
  region size 4096K, 1 young (4096K), 1 survivors (4096K)
 Metaspace       used 25682K, committed 26176K, reserved 1114112K
  class space    used 3465K, committed 3712K, reserved 1048576K
}
Event: 1.913 GC heap before
{Heap before GC invocations=7 (full 0):
 garbage-first heap   total 65536K, used 45907K [0x0000000608800000, 0x0000000800000000)
  region size 4096K, 9 young (36864K), 1 survivors (4096K)
 Metaspace       used 27469K, committed 27968K, reserved 1114112K
  class space    used 3723K, committed 3968K, reserved 1048576K
}
Event: 1.916 GC heap after
{Heap after GC invocations=8 (full 0):
 garbage-first heap   total 290816K, used 14143K [0x0000000608800000, 0x0000000800000000)
  region size 4096K, 2 young (8192K), 2 survivors (8192K)
 Metaspace       used 27469K, committed 27968K, reserved 1114112K
  class space    used 3723K, committed 3968K, reserved 1048576K
}
Event: 2.568 GC heap before
{Heap before GC invocations=8 (full 0):
 garbage-first heap   total 290816K, used 104255K [0x0000000608800000, 0x0000000800000000)
  region size 4096K, 25 young (102400K), 2 survivors (8192K)
 Metaspace       used 35208K, committed 35776K, reserved 1114112K
  class space    used 4809K, committed 5056K, reserved 1048576K
}
Event: 2.573 GC heap after
{Heap after GC invocations=9 (full 0):
 garbage-first heap   total 290816K, used 18700K [0x0000000608800000, 0x0000000800000000)
  region size 4096K, 3 young (12288K), 3 survivors (12288K)
 Metaspace       used 35208K, committed 35776K, reserved 1114112K
  class space    used 4809K, committed 5056K, reserved 1048576K
}
Event: 2.895 GC heap before
{Heap before GC invocations=10 (full 0):
 garbage-first heap   total 81920K, used 55564K [0x0000000608800000, 0x0000000800000000)
  region size 4096K, 12 young (49152K), 3 survivors (12288K)
 Metaspace       used 40394K, committed 40960K, reserved 1114112K
  class space    used 5464K, committed 5696K, reserved 1048576K
}
Event: 2.899 GC heap after
{Heap after GC invocations=11 (full 0):
 garbage-first heap   total 81920K, used 20323K [0x0000000608800000, 0x0000000800000000)
  region size 4096K, 1 young (4096K), 1 survivors (4096K)
 Metaspace       used 40394K, committed 40960K, reserved 1114112K
  class space    used 5464K, committed 5696K, reserved 1048576K
}
Event: 3.183 GC heap before
{Heap before GC invocations=11 (full 0):
 garbage-first heap   total 81920K, used 65379K [0x0000000608800000, 0x0000000800000000)
  region size 4096K, 12 young (49152K), 1 survivors (4096K)
 Metaspace       used 43222K, committed 43968K, reserved 1114112K
  class space    used 5852K, committed 6208K, reserved 1048576K
}
Event: 3.185 GC heap after
{Heap after GC invocations=12 (full 0):
 garbage-first heap   total 81920K, used 22564K [0x0000000608800000, 0x0000000800000000)
  region size 4096K, 1 young (4096K), 1 survivors (4096K)
 Metaspace       used 43222K, committed 43968K, reserved 1114112K
  class space    used 5852K, committed 6208K, reserved 1048576K
}
Event: 3.539 GC heap before
{Heap before GC invocations=12 (full 0):
 garbage-first heap   total 81920K, used 63524K [0x0000000608800000, 0x0000000800000000)
  region size 4096K, 12 young (49152K), 1 survivors (4096K)
 Metaspace       used 46682K, committed 47424K, reserved 1114112K
  class space    used 6345K, committed 6656K, reserved 1048576K
}
Event: 3.542 GC heap after
{Heap after GC invocations=13 (full 0):
 garbage-first heap   total 81920K, used 24636K [0x0000000608800000, 0x0000000800000000)
  region size 4096K, 2 young (8192K), 2 survivors (8192K)
 Metaspace       used 46682K, committed 47424K, reserved 1114112K
  class space    used 6345K, committed 6656K, reserved 1048576K
}
Event: 23.952 GC heap before
{Heap before GC invocations=13 (full 0):
 garbage-first heap   total 81920K, used 65596K [0x0000000608800000, 0x0000000800000000)
  region size 4096K, 12 young (49152K), 2 survivors (8192K)
 Metaspace       used 50153K, committed 50944K, reserved 1114112K
  class space    used 6811K, committed 7168K, reserved 1048576K
}
Event: 23.968 GC heap after
{Heap after GC invocations=14 (full 0):
 garbage-first heap   total 81920K, used 26794K [0x0000000608800000, 0x0000000800000000)
  region size 4096K, 2 young (8192K), 2 survivors (8192K)
 Metaspace       used 50153K, committed 50944K, reserved 1114112K
  class space    used 6811K, committed 7168K, reserved 1048576K
}
Event: 25.458 GC heap before
{Heap before GC invocations=14 (full 0):
 garbage-first heap   total 81920K, used 63658K [0x0000000608800000, 0x0000000800000000)
  region size 4096K, 12 young (49152K), 2 survivors (8192K)
 Metaspace       used 52415K, committed 53184K, reserved 1114112K
  class space    used 7086K, committed 7424K, reserved 1048576K
}
Event: 25.465 GC heap after
{Heap after GC invocations=15 (full 0):
 garbage-first heap   total 81920K, used 28887K [0x0000000608800000, 0x0000000800000000)
  region size 4096K, 2 young (8192K), 2 survivors (8192K)
 Metaspace       used 52415K, committed 53184K, reserved 1114112K
  class space    used 7086K, committed 7424K, reserved 1048576K
}
Event: 100.488 GC heap before
{Heap before GC invocations=16 (full 0):
 garbage-first heap   total 81920K, used 69847K [0x0000000608800000, 0x0000000800000000)
  region size 4096K, 12 young (49152K), 2 survivors (8192K)
 Metaspace       used 53885K, committed 54720K, reserved 1114112K
  class space    used 7314K, committed 7680K, reserved 1048576K
}
Event: 100.509 GC heap after
{Heap after GC invocations=17 (full 0):
 garbage-first heap   total 299008K, used 29412K [0x0000000608800000, 0x0000000800000000)
  region size 4096K, 2 young (8192K), 2 survivors (8192K)
 Metaspace       used 53885K, committed 54720K, reserved 1114112K
  class space    used 7314K, committed 7680K, reserved 1048576K
}
Event: 356.945 GC heap before
{Heap before GC invocations=17 (full 0):
 garbage-first heap   total 299008K, used 99044K [0x0000000608800000, 0x0000000800000000)
  region size 4096K, 21 young (86016K), 2 survivors (8192K)
 Metaspace       used 54122K, committed 54976K, reserved 1114112K
  class space    used 7350K, committed 7744K, reserved 1048576K
}
Event: 356.973 GC heap after
{Heap after GC invocations=18 (full 1):
 garbage-first heap   total 98304K, used 20179K [0x0000000608800000, 0x0000000800000000)
  region size 4096K, 0 young (0K), 0 survivors (0K)
 Metaspace       used 53696K, committed 54976K, reserved 1114112K
  class space    used 7239K, committed 7744K, reserved 1048576K
}
Event: 569.412 GC heap before
{Heap before GC invocations=18 (full 1):
 garbage-first heap   total 98304K, used 73427K [0x0000000608800000, 0x0000000800000000)
  region size 4096K, 14 young (57344K), 0 survivors (0K)
 Metaspace       used 53967K, committed 54976K, reserved 1114112K
  class space    used 7294K, committed 7744K, reserved 1048576K
}

Dll operation events (12 events):
Event: 0.190 Loaded shared library C:\pleiades\2025-12\java\21\bin\java.dll
Event: 0.515 Loaded shared library C:\pleiades\2025-12\java\21\bin\zip.dll
Event: 0.520 Loaded shared library C:\pleiades\2025-12\java\21\bin\instrument.dll
Event: 0.529 Loaded shared library C:\pleiades\2025-12\java\21\bin\net.dll
Event: 0.531 Loaded shared library C:\pleiades\2025-12\java\21\bin\nio.dll
Event: 0.533 Loaded shared library C:\pleiades\2025-12\java\21\bin\zip.dll
Event: 0.627 Loaded shared library C:\pleiades\2025-12\java\21\bin\jimage.dll
Event: 0.664 Loaded shared library C:\pleiades\2025-12\java\21\bin\management.dll
Event: 0.672 Loaded shared library C:\pleiades\2025-12\java\21\bin\management_ext.dll
Event: 0.818 Loaded shared library C:\pleiades\2025-12\java\21\bin\verify.dll
Event: 0.874 Loaded shared library C:\pleiades\2025-12\java\21\bin\extnet.dll
Event: 1.710 Loaded shared library C:\pleiades\2025-12\java\21\bin\sunmscapi.dll

Deoptimization events (20 events):
Event: 357.790 Thread 0x000001ac6b26bd00 DEOPT PACKING pc=0x000001ac1392c86c sp=0x0000006ae9cfaa50
Event: 357.790 Thread 0x000001ac6b26bd00 DEOPT UNPACKING pc=0x000001ac13124bc2 sp=0x0000006ae9cf9f88 mode 1
Event: 357.790 Thread 0x000001ac6b26bd00 DEOPT PACKING pc=0x000001ac1392e11c sp=0x0000006ae9cfab40
Event: 357.790 Thread 0x000001ac6b26bd00 DEOPT UNPACKING pc=0x000001ac13124bc2 sp=0x0000006ae9cfa100 mode 1
Event: 357.790 Thread 0x000001ac6b26bd00 DEOPT PACKING pc=0x000001ac1392f9bc sp=0x0000006ae9cfacc0
Event: 357.790 Thread 0x000001ac6b26bd00 DEOPT UNPACKING pc=0x000001ac13124bc2 sp=0x0000006ae9cfa280 mode 1
Event: 357.792 Thread 0x000001ac6b26bd00 DEOPT PACKING pc=0x000001ac1392c86c sp=0x0000006ae9cfa620
Event: 357.792 Thread 0x000001ac6b26bd00 DEOPT UNPACKING pc=0x000001ac13124bc2 sp=0x0000006ae9cf9b58 mode 1
Event: 357.792 Thread 0x000001ac6b26bd00 DEOPT PACKING pc=0x000001ac1392e11c sp=0x0000006ae9cfa710
Event: 357.792 Thread 0x000001ac6b26bd00 DEOPT UNPACKING pc=0x000001ac13124bc2 sp=0x0000006ae9cf9cd0 mode 1
Event: 357.792 Thread 0x000001ac6b26bd00 DEOPT PACKING pc=0x000001ac1392f9bc sp=0x0000006ae9cfa890
Event: 357.792 Thread 0x000001ac6b26bd00 DEOPT UNPACKING pc=0x000001ac13124bc2 sp=0x0000006ae9cf9e50 mode 1
Event: 357.792 Thread 0x000001ac6b26bd00 DEOPT PACKING pc=0x000001ac1392c86c sp=0x0000006ae9cfbe40
Event: 357.792 Thread 0x000001ac6b26bd00 DEOPT UNPACKING pc=0x000001ac13124bc2 sp=0x0000006ae9cfb378 mode 1
Event: 357.792 Thread 0x000001ac6b26bd00 DEOPT PACKING pc=0x000001ac1392e11c sp=0x0000006ae9cfbf30
Event: 357.792 Thread 0x000001ac6b26bd00 DEOPT UNPACKING pc=0x000001ac13124bc2 sp=0x0000006ae9cfb4f0 mode 1
Event: 357.792 Thread 0x000001ac6b26bd00 DEOPT PACKING pc=0x000001ac1392f9bc sp=0x0000006ae9cfc0b0
Event: 357.792 Thread 0x000001ac6b26bd00 DEOPT UNPACKING pc=0x000001ac13124bc2 sp=0x0000006ae9cfb670 mode 1
Event: 400.502 Thread 0x000001ac6b26bd00 DEOPT PACKING pc=0x000001ac13707054 sp=0x0000006ae9cfd8a0
Event: 400.502 Thread 0x000001ac6b26bd00 DEOPT UNPACKING pc=0x000001ac13124bc2 sp=0x0000006ae9cfcd70 mode 0

Classes loaded (20 events):
Event: 83.504 Loading class jdk/internal/icu/impl/Trie2$ValueMapper done
Event: 83.504 Loading class jdk/internal/icu/impl/Trie2$1 done
Event: 83.505 Loading class jdk/internal/icu/impl/Trie2$UTrie2Header
Event: 83.505 Loading class jdk/internal/icu/impl/Trie2$UTrie2Header done
Event: 90.765 Loading class sun/reflect/generics/repository/FieldRepository
Event: 90.765 Loading class sun/reflect/generics/repository/FieldRepository done
Event: 100.528 Loading class java/util/regex/Pattern$Neg
Event: 100.528 Loading class java/util/regex/Pattern$Neg done
Event: 356.906 Loading class java/util/concurrent/locks/AbstractQueuedSynchronizer$SharedNode
Event: 356.906 Loading class java/util/concurrent/locks/AbstractQueuedSynchronizer$SharedNode done
Event: 356.940 Loading class java/io/FileOutputStream$1
Event: 356.940 Loading class java/io/FileOutputStream$1 done
Event: 356.944 Loading class java/util/WeakHashMap$KeyIterator
Event: 356.944 Loading class java/util/WeakHashMap$KeyIterator done
Event: 356.974 Loading class java/lang/ref/Finalizer$2
Event: 356.974 Loading class java/lang/ref/Finalizer$2 done
Event: 356.974 Loading class java/lang/ref/Finalizer$1
Event: 356.975 Loading class java/lang/ref/Finalizer$1 done
Event: 357.303 Loading class java/time/DurationEditor
Event: 357.303 Loading class java/time/DurationEditor done

Classes unloaded (20 events):
Event: 356.952 Thread 0x000001ac20c4b220 Unloading class 0x000001ac25115c00 'java/lang/invoke/LambdaForm$MH+0x000001ac25115c00'
Event: 356.952 Thread 0x000001ac20c4b220 Unloading class 0x000001ac25114c00 'java/lang/invoke/LambdaForm$MH+0x000001ac25114c00'
Event: 356.952 Thread 0x000001ac20c4b220 Unloading class 0x000001ac25114400 'java/lang/invoke/LambdaForm$MH+0x000001ac25114400'
Event: 356.952 Thread 0x000001ac20c4b220 Unloading class 0x000001ac25114000 'java/lang/invoke/LambdaForm$MH+0x000001ac25114000'
Event: 356.952 Thread 0x000001ac20c4b220 Unloading class 0x000001ac25100400 'java/lang/invoke/LambdaForm$DMH+0x000001ac25100400'
Event: 356.952 Thread 0x000001ac20c4b220 Unloading class 0x000001ac250cbc00 'java/lang/invoke/LambdaForm$MH+0x000001ac250cbc00'
Event: 356.952 Thread 0x000001ac20c4b220 Unloading class 0x000001ac250c9000 'jdk/internal/reflect/GeneratedSerializationConstructorAccessor3'
Event: 356.952 Thread 0x000001ac20c4b220 Unloading class 0x000001ac250c8c00 'jdk/internal/reflect/GeneratedSerializationConstructorAccessor2'
Event: 356.952 Thread 0x000001ac20c4b220 Unloading class 0x000001ac250c8800 'jdk/internal/reflect/GeneratedSerializationConstructorAccessor1'
Event: 356.952 Thread 0x000001ac20c4b220 Unloading class 0x000001ac250c7800 'java/lang/invoke/LambdaForm$DMH+0x000001ac250c7800'
Event: 356.952 Thread 0x000001ac20c4b220 Unloading class 0x000001ac250c7000 'java/lang/invoke/LambdaForm$DMH+0x000001ac250c7000'
Event: 356.952 Thread 0x000001ac20c4b220 Unloading class 0x000001ac250c0400 'java/lang/invoke/LambdaForm$DMH+0x000001ac250c0400'
Event: 356.952 Thread 0x000001ac20c4b220 Unloading class 0x000001ac250c0000 'java/lang/invoke/LambdaForm$DMH+0x000001ac250c0000'
Event: 356.952 Thread 0x000001ac20c4b220 Unloading class 0x000001ac2500ac00 'java/lang/invoke/LambdaForm$MH+0x000001ac2500ac00'
Event: 356.952 Thread 0x000001ac20c4b220 Unloading class 0x000001ac25008000 'java/lang/invoke/LambdaForm$MH+0x000001ac25008000'
Event: 356.952 Thread 0x000001ac20c4b220 Unloading class 0x000001ac25007c00 'java/lang/invoke/LambdaForm$MH+0x000001ac25007c00'
Event: 356.952 Thread 0x000001ac20c4b220 Unloading class 0x000001ac25004000 'java/lang/invoke/LambdaForm$MH+0x000001ac25004000'
Event: 356.952 Thread 0x000001ac20c4b220 Unloading class 0x000001ac25003c00 'java/lang/invoke/LambdaForm$MH+0x000001ac25003c00'
Event: 356.952 Thread 0x000001ac20c4b220 Unloading class 0x000001ac25003800 'java/lang/invoke/LambdaForm$MH+0x000001ac25003800'
Event: 356.952 Thread 0x000001ac20c4b220 Unloading class 0x000001ac25003400 'java/lang/invoke/LambdaForm$MH+0x000001ac25003400'

Classes redefined (0 events):
No events

Internal exceptions (20 events):
Event: 23.438 Thread 0x000001ac6af155c0 Exception <a 'java/lang/NoSuchMethodError'{0x0000000613ce5380}: 'java.lang.Object java.lang.invoke.DirectMethodHandle$Holder.invokeSpecial(java.lang.Object, java.lang.Object, java.lang.Object, java.lang.Object, java.lang.Object, long)'> (0x0000000613ce5380) 
thrown [s\src\hotspot\share\interpreter\linkResolver.cpp, line 773]
Event: 23.438 Thread 0x000001ac6af155c0 Exception <a 'java/lang/NoSuchMethodError'{0x0000000613ce8b60}: 'java.lang.Object java.lang.invoke.Invokers$Holder.linkToTargetMethod(java.lang.Object, java.lang.Object, java.lang.Object, long, java.lang.Object)'> (0x0000000613ce8b60) 
thrown [s\src\hotspot\share\interpreter\linkResolver.cpp, line 773]
Event: 23.839 Thread 0x000001ac6af155c0 Exception <a 'java/lang/NoClassDefFoundError'{0x000000060b6e2528}: com/fasterxml/jackson/databind/ObjectMapper> (0x000000060b6e2528) 
thrown [s\src\hotspot\share\classfile\systemDictionary.cpp, line 301]
Event: 24.448 Thread 0x000001ac6af17000 Exception <a 'java/lang/NoSuchMethodError'{0x000000060c06f3f8}: 'java.lang.Object java.lang.invoke.DirectMethodHandle$Holder.invokeStatic(java.lang.Object, int, int)'> (0x000000060c06f3f8) 
thrown [s\src\hotspot\share\interpreter\linkResolver.cpp, line 773]
Event: 28.717 Thread 0x000001ac6af16970 Exception <a 'java/lang/NoSuchMethodError'{0x0000000627df0e50}: 'java.lang.Object java.lang.invoke.DelegatingMethodHandle$Holder.reinvoke_L(java.lang.Object, java.lang.Object, int, int, java.lang.Object)'> (0x0000000627df0e50) 
thrown [s\src\hotspot\share\interpreter\linkResolver.cpp, line 773]
Event: 28.730 Thread 0x000001ac6af16970 Exception <a 'java/lang/NoSuchMethodError'{0x0000000627e223c8}: 'void java.lang.invoke.DelegatingMethodHandle$Holder.reinvoke_L(java.lang.Object, java.lang.Object, java.lang.Object, java.lang.Object, int)'> (0x0000000627e223c8) 
thrown [s\src\hotspot\share\interpreter\linkResolver.cpp, line 773]
Event: 41.506 Thread 0x000001ac6af183b0 Exception <a 'java/lang/NoSuchMethodError'{0x000000061418f0a8}: 'java.lang.Object java.lang.invoke.DirectMethodHandle$Holder.invokeVirtual(java.lang.Object, java.lang.Object, int, java.lang.Object, java.lang.Object)'> (0x000000061418f0a8) 
thrown [s\src\hotspot\share\interpreter\linkResolver.cpp, line 773]
Event: 41.506 Thread 0x000001ac6af183b0 Exception <a 'java/lang/NoSuchMethodError'{0x0000000614192788}: 'java.lang.Object java.lang.invoke.DelegatingMethodHandle$Holder.reinvoke_L(java.lang.Object, java.lang.Object, int, java.lang.Object, java.lang.Object)'> (0x0000000614192788) 
thrown [s\src\hotspot\share\interpreter\linkResolver.cpp, line 773]
Event: 83.542 Thread 0x000001ac6af17000 Exception <a 'java/lang/NoSuchMethodError'{0x000000060b861770}: 'java.lang.Object java.lang.invoke.DirectMethodHandle$Holder.invokeStatic(java.lang.Object, java.lang.Object, java.lang.Object, java.lang.Object, int, java.lang.Object)'> (0x000000060b861770) 
thrown [s\src\hotspot\share\interpreter\linkResolver.cpp, line 773]
Event: 83.543 Thread 0x000001ac6af17000 Exception <a 'java/lang/NoSuchMethodError'{0x000000060b868fd8}: 'java.lang.Object java.lang.invoke.DirectMethodHandle$Holder.newInvokeSpecial(java.lang.Object, java.lang.Object, java.lang.Object, java.lang.Object, int)'> (0x000000060b868fd8) 
thrown [s\src\hotspot\share\interpreter\linkResolver.cpp, line 773]
Event: 83.544 Thread 0x000001ac6af17000 Exception <a 'java/lang/NoSuchMethodError'{0x000000060b86d4e8}: 'java.lang.Object java.lang.invoke.DirectMethodHandle$Holder.invokeSpecial(java.lang.Object, java.lang.Object, java.lang.Object, java.lang.Object, java.lang.Object, int)'> (0x000000060b86d4e8) 
thrown [s\src\hotspot\share\interpreter\linkResolver.cpp, line 773]
Event: 83.544 Thread 0x000001ac6af17000 Exception <a 'java/lang/NoSuchMethodError'{0x000000060b8712d8}: 'java.lang.Object java.lang.invoke.Invokers$Holder.linkToTargetMethod(java.lang.Object, java.lang.Object, java.lang.Object, int, java.lang.Object)'> (0x000000060b8712d8) 
thrown [s\src\hotspot\share\interpreter\linkResolver.cpp, line 773]
Event: 100.419 Thread 0x000001ac6af16970 Exception <a 'java/lang/NoSuchMethodError'{0x000000060b2449c0}: 'void java.lang.invoke.DirectMethodHandle$Holder.invokeVirtual(java.lang.Object, java.lang.Object, java.lang.Object, int)'> (0x000000060b2449c0) 
thrown [s\src\hotspot\share\interpreter\linkResolver.cpp, line 773]
Event: 100.420 Thread 0x000001ac6af16970 Exception <a 'java/lang/NoSuchMethodError'{0x000000060b2485e8}: 'void java.lang.invoke.DirectMethodHandle$Holder.invokeSpecial(java.lang.Object, java.lang.Object, java.lang.Object, java.lang.Object, int)'> (0x000000060b2485e8) 
thrown [s\src\hotspot\share\interpreter\linkResolver.cpp, line 773]
Event: 100.420 Thread 0x000001ac6af16970 Exception <a 'java/lang/NoSuchMethodError'{0x000000060b24bda0}: 'void java.lang.invoke.DelegatingMethodHandle$Holder.reinvoke_L(java.lang.Object, java.lang.Object, java.lang.Object, int)'> (0x000000060b24bda0) 
thrown [s\src\hotspot\share\interpreter\linkResolver.cpp, line 773]
Event: 356.945 Thread 0x000001ac69af1310 Exception <a 'java/lang/InterruptedException'{0x0000000616365b88}: sleep interrupted> (0x0000000616365b88) 
thrown [s\src\hotspot\share\prims\jvm.cpp, line 3087]
Event: 356.994 Thread 0x000001ac6b26bd00 Exception <a 'sun/nio/fs/WindowsException'{0x000000060e527eb8}> (0x000000060e527eb8) 
thrown [s\src\hotspot\share\prims\jni.cpp, line 520]
Event: 357.326 Thread 0x000001ac6b26bd00 Exception <a 'java/lang/NoSuchMethodError'{0x000000060caafe80}: 'int java.lang.invoke.DirectMethodHandle$Holder.invokeVirtual(java.lang.Object, java.lang.Object, java.lang.Object, java.lang.Object)'> (0x000000060caafe80) 
thrown [s\src\hotspot\share\interpreter\linkResolver.cpp, line 773]
Event: 357.327 Thread 0x000001ac6b26bd00 Exception <a 'java/lang/NoSuchMethodError'{0x000000060cab3478}: 'int java.lang.invoke.DelegatingMethodHandle$Holder.reinvoke_L(java.lang.Object, java.lang.Object, java.lang.Object, java.lang.Object)'> (0x000000060cab3478) 
thrown [s\src\hotspot\share\interpreter\linkResolver.cpp, line 773]
Event: 357.335 Thread 0x000001ac6b26bd00 Exception <a 'java/io/FileNotFoundException'{0x000000060cafb5e8}> (0x000000060cafb5e8) 
thrown [s\src\hotspot\share\prims\jni.cpp, line 520]

ZGC Phase Switch (0 events):
No events

VM Operations (20 events):
Event: 336.755 Executing VM operation: Cleanup done
Event: 356.945 Executing VM operation: G1CollectFull (System.gc())
Event: 356.973 Executing VM operation: G1CollectFull (System.gc()) done
Event: 357.283 Executing VM operation: ICBufferFull
Event: 357.283 Executing VM operation: ICBufferFull done
Event: 358.284 Executing VM operation: Cleanup
Event: 358.284 Executing VM operation: Cleanup done
Event: 358.550 Executing VM operation: get/set locals
Event: 358.550 Executing VM operation: get/set locals done
Event: 360.962 Executing VM operation: HandshakeAllThreads (HandshakeForDeflation)
Event: 360.962 Executing VM operation: HandshakeAllThreads (HandshakeForDeflation) done
Event: 360.962 Executing VM operation: RendezvousGCThreads
Event: 360.962 Executing VM operation: RendezvousGCThreads done
Event: 361.963 Executing VM operation: Cleanup
Event: 361.963 Executing VM operation: Cleanup done
Event: 400.502 Executing VM operation: ChangeSingleStep
Event: 400.502 Executing VM operation: ChangeSingleStep done
Event: 400.503 Executing VM operation: ChangeSingleStep
Event: 400.503 Executing VM operation: ChangeSingleStep done
Event: 569.412 Executing VM operation: G1CollectForAllocation (G1 Evacuation Pause)

Memory protections (0 events):
No events

Nmethod flushes (20 events):
Event: 356.959 Thread 0x000001ac20c4b220 flushing  nmethod 0x000001ac136d0490
Event: 356.959 Thread 0x000001ac20c4b220 flushing  nmethod 0x000001ac136d0790
Event: 356.959 Thread 0x000001ac20c4b220 flushing  nmethod 0x000001ac13702090
Event: 356.959 Thread 0x000001ac20c4b220 flushing  nmethod 0x000001ac13702f90
Event: 356.959 Thread 0x000001ac20c4b220 flushing  nmethod 0x000001ac13706090
Event: 356.959 Thread 0x000001ac20c4b220 flushing  nmethod 0x000001ac13716910
Event: 356.959 Thread 0x000001ac20c4b220 flushing  nmethod 0x000001ac1374ed90
Event: 356.959 Thread 0x000001ac20c4b220 flushing  nmethod 0x000001ac1374f610
Event: 356.959 Thread 0x000001ac20c4b220 flushing  nmethod 0x000001ac1374f990
Event: 356.959 Thread 0x000001ac20c4b220 flushing  nmethod 0x000001ac13755990
Event: 356.959 Thread 0x000001ac20c4b220 flushing  nmethod 0x000001ac13759b10
Event: 356.959 Thread 0x000001ac20c4b220 flushing  nmethod 0x000001ac13759f90
Event: 356.959 Thread 0x000001ac20c4b220 flushing  nmethod 0x000001ac137c3610
Event: 356.959 Thread 0x000001ac20c4b220 flushing  nmethod 0x000001ac137c5290
Event: 356.959 Thread 0x000001ac20c4b220 flushing  nmethod 0x000001ac137c5690
Event: 356.959 Thread 0x000001ac20c4b220 flushing  nmethod 0x000001ac137c6490
Event: 356.959 Thread 0x000001ac20c4b220 flushing  nmethod 0x000001ac137f3a10
Event: 356.959 Thread 0x000001ac20c4b220 flushing  nmethod 0x000001ac13881a10
Event: 356.959 Thread 0x000001ac20c4b220 flushing  nmethod 0x000001ac13908f10
Event: 356.959 Thread 0x000001ac20c4b220 flushing  nmethod 0x000001ac13a5b910

Events (20 events):
Event: 356.920 Thread 0x000001ac6af183b0 Thread exited: 0x000001ac6af183b0
Event: 356.929 Thread 0x000001ac6b26b670 Thread added: 0x000001ac6b26bd00
Event: 356.930 Thread 0x000001ac69af19a0 Thread exited: 0x000001ac69af19a0
Event: 356.933 Thread 0x000001ac6b26bd00 Thread exited: 0x000001ac6b26bd00
Event: 356.945 Thread 0x000001ac69af2d50 Thread exited: 0x000001ac69af2d50
Event: 356.945 Thread 0x000001ac69af1310 Thread exited: 0x000001ac69af1310
Event: 356.945 Thread 0x000001ac69af05f0 Thread exited: 0x000001ac69af05f0
Event: 356.975 Thread 0x000001ac6b26b670 Thread added: 0x000001ac6b26bd00
Event: 356.975 Thread 0x000001ac6b26bd00 Thread exited: 0x000001ac6b26bd00
Event: 356.975 Thread 0x000001ac6b26b670 Thread added: 0x000001ac6b26bd00
Event: 357.012 Thread 0x000001ac20c724b0 Thread added: 0x000001ac696754d0
Event: 357.067 Thread 0x000001ac6b26bd00 Thread added: 0x000001ac6b268880
Event: 357.078 Thread 0x000001ac6b268880 Thread exited: 0x000001ac6b268880
Event: 357.389 Thread 0x000001ac6b26bd00 Thread added: 0x000001ac6b268880
Event: 357.389 Thread 0x000001ac6b26bd00 Thread added: 0x000001ac6b26eaf0
Event: 357.389 Thread 0x000001ac6b26bd00 Thread added: 0x000001ac6b26c390
Event: 357.489 Thread 0x000001ac6b26bd00 Thread added: 0x000001ac6b26ca20
Event: 357.591 Thread 0x000001ac6b26ca20 Thread added: 0x000001ac6b26d0b0
Event: 363.363 Thread 0x000001ac696754d0 Thread exited: 0x000001ac696754d0
Event: 363.408 Thread 0x000001ac6b26d0b0 Thread exited: 0x000001ac6b26d0b0


Dynamic libraries:
0x00007ff794080000 - 0x00007ff79408e000 	C:\pleiades\2025-12\java\21\bin\javaw.exe
0x00007fff25440000 - 0x00007fff256a7000 	C:\Windows\SYSTEM32\ntdll.dll
0x00007fff23d70000 - 0x00007fff23e39000 	C:\Windows\System32\KERNEL32.DLL
0x00007fff221a0000 - 0x00007fff22597000 	C:\Windows\System32\KERNELBASE.dll
0x00007fff22050000 - 0x00007fff2219b000 	C:\Windows\System32\ucrtbase.dll
0x00007fff0f560000 - 0x00007fff0f57e000 	C:\pleiades\2025-12\java\21\bin\VCRUNTIME140.dll
0x00007fff00030000 - 0x00007fff00048000 	C:\pleiades\2025-12\java\21\bin\jli.dll
0x00007fff24940000 - 0x00007fff24b06000 	C:\Windows\System32\USER32.dll
0x00007fff23010000 - 0x00007fff23037000 	C:\Windows\System32\win32u.dll
0x00007fff23f50000 - 0x00007fff23f7b000 	C:\Windows\System32\GDI32.dll
0x00007fff21e70000 - 0x00007fff21f9c000 	C:\Windows\System32\gdi32full.dll
0x00007fff22f60000 - 0x00007fff23003000 	C:\Windows\System32\msvcp_win.dll
0x00007fff03e40000 - 0x00007fff040d2000 	C:\Windows\WinSxS\amd64_microsoft.windows.common-controls_6595b64144ccf1df_6.0.26100.8457_none_3e0b2faee331e92d\COMCTL32.dll
0x00007fff23c50000 - 0x00007fff23cf9000 	C:\Windows\System32\msvcrt.dll
0x00007fff23b60000 - 0x00007fff23b92000 	C:\Windows\System32\IMM32.DLL
0x00007fff0f4c0000 - 0x00007fff0f4cc000 	C:\pleiades\2025-12\java\21\bin\vcruntime140_1.dll
0x00007ffef30c0000 - 0x00007ffef314d000 	C:\pleiades\2025-12\java\21\bin\msvcp140.dll
0x00007ffe30650000 - 0x00007ffe313f0000 	C:\pleiades\2025-12\java\21\bin\server\jvm.dll
0x00007fff24880000 - 0x00007fff24936000 	C:\Windows\System32\ADVAPI32.dll
0x00007fff231f0000 - 0x00007fff23297000 	C:\Windows\System32\sechost.dll
0x00007fff25180000 - 0x00007fff25298000 	C:\Windows\System32\RPCRT4.dll
0x00007fff24b70000 - 0x00007fff24bf0000 	C:\Windows\System32\WS2_32.dll
0x00007fff21cf0000 - 0x00007fff21d4e000 	C:\Windows\SYSTEM32\POWRPROF.dll
0x00007fff1b090000 - 0x00007fff1b0c6000 	C:\Windows\SYSTEM32\WINMM.dll
0x00007fff05980000 - 0x00007fff0598b000 	C:\Windows\SYSTEM32\VERSION.dll
0x00007fff21cd0000 - 0x00007fff21ce4000 	C:\Windows\SYSTEM32\UMPDC.dll
0x00007fff20bc0000 - 0x00007fff20bdb000 	C:\Windows\SYSTEM32\kernel.appcore.dll
0x00007fff06680000 - 0x00007fff0668a000 	C:\pleiades\2025-12\java\21\bin\jimage.dll
0x00007fff20000000 - 0x00007fff20242000 	C:\Windows\SYSTEM32\DBGHELP.DLL
0x00007fff24df0000 - 0x00007fff25173000 	C:\Windows\System32\combase.dll
0x00007fff23f80000 - 0x00007fff24059000 	C:\Windows\System32\OLEAUT32.dll
0x00007ffee31e0000 - 0x00007ffee321b000 	C:\Windows\SYSTEM32\dbgcore.DLL
0x00007fff21fa0000 - 0x00007fff22048000 	C:\Windows\System32\bcryptPrimitives.dll
0x00007ffef6c00000 - 0x00007ffef6c3c000 	C:\pleiades\2025-12\java\21\bin\jdwp.dll
0x00007fff00050000 - 0x00007fff0005f000 	C:\pleiades\2025-12\java\21\bin\instrument.dll
0x00007ffef8110000 - 0x00007ffef8130000 	C:\pleiades\2025-12\java\21\bin\java.dll
0x00007fff232a0000 - 0x00007fff23a0e000 	C:\Windows\System32\SHELL32.dll
0x00007fff22660000 - 0x00007fff22ecc000 	C:\Windows\System32\windows.storage.dll
0x00007fff246e0000 - 0x00007fff247d6000 	C:\Windows\System32\SHCORE.dll
0x00007fff23d00000 - 0x00007fff23d66000 	C:\Windows\System32\shlwapi.dll
0x00007fff21d90000 - 0x00007fff21db9000 	C:\Windows\SYSTEM32\profapi.dll
0x00007fff0f8d0000 - 0x00007fff0f8dc000 	C:\pleiades\2025-12\java\21\bin\dt_socket.dll
0x00007fff205b0000 - 0x00007fff205e2000 	C:\Windows\SYSTEM32\IPHLPAPI.DLL
0x00007fff21110000 - 0x00007fff2117c000 	C:\Windows\system32\mswsock.dll
0x00007fff20640000 - 0x00007fff20772000 	C:\Windows\SYSTEM32\DNSAPI.dll
0x00007fff24de0000 - 0x00007fff24dea000 	C:\Windows\System32\NSI.dll
0x00007fff1c400000 - 0x00007fff1c40b000 	C:\Windows\System32\rasadhlp.dll
0x00007fff1ebb0000 - 0x00007fff1ec36000 	C:\Windows\System32\fwpuclnt.dll
0x00007ffef6a50000 - 0x00007ffef6a68000 	C:\pleiades\2025-12\java\21\bin\zip.dll
0x00007ffef8100000 - 0x00007ffef8110000 	C:\pleiades\2025-12\java\21\bin\net.dll
0x00007fff1c850000 - 0x00007fff1c979000 	C:\Windows\SYSTEM32\WINHTTP.dll
0x00007ffef5840000 - 0x00007ffef5856000 	C:\pleiades\2025-12\java\21\bin\nio.dll
0x00007fff1a3b0000 - 0x00007fff1a3ba000 	C:\pleiades\2025-12\java\21\bin\management.dll
0x00007fff0f430000 - 0x00007fff0f43c000 	C:\pleiades\2025-12\java\21\bin\management_ext.dll
0x00007fff23e40000 - 0x00007fff23e48000 	C:\Windows\System32\PSAPI.DLL
0x00007fff1c250000 - 0x00007fff1c268000 	C:\Windows\system32\napinsp.dll
0x00007fff1c090000 - 0x00007fff1c0a3000 	C:\Windows\System32\winrnr.dll
0x00007fff1bc90000 - 0x00007fff1bcb2000 	C:\Windows\system32\nlansp_c.dll
0x00007ffee3bc0000 - 0x00007ffee3bd6000 	C:\Windows\system32\wshbth.dll
0x00007fff10ad0000 - 0x00007fff10ae0000 	C:\pleiades\2025-12\java\21\bin\verify.dll
0x00007fff21510000 - 0x00007fff2152b000 	C:\Windows\SYSTEM32\CRYPTSP.dll
0x00007fff20b20000 - 0x00007fff20b59000 	C:\Windows\system32\rsaenh.dll
0x00007fff211c0000 - 0x00007fff211f3000 	C:\Windows\SYSTEM32\USERENV.dll
0x00007fff21d60000 - 0x00007fff21d8a000 	C:\Windows\SYSTEM32\bcrypt.dll
0x00007fff21370000 - 0x00007fff2137c000 	C:\Windows\SYSTEM32\CRYPTBASE.dll
0x00007fff0f490000 - 0x00007fff0f499000 	C:\pleiades\2025-12\java\21\bin\extnet.dll
0x00007fff0f920000 - 0x00007fff0f92e000 	C:\pleiades\2025-12\java\21\bin\sunmscapi.dll
0x00007fff23040000 - 0x00007fff231b8000 	C:\Windows\System32\CRYPT32.dll
0x00007fff21670000 - 0x00007fff216a0000 	C:\Windows\SYSTEM32\ncrypt.dll
0x00007fff21620000 - 0x00007fff2165f000 	C:\Windows\SYSTEM32\NTASN1.dll
0x00007ffee2290000 - 0x00007ffee2298000 	C:\Windows\system32\wshunix.dll

JVMTI agents:
jdwp path:C:\pleiades\2025-12\java\21\bin\jdwp.dll, loaded, initialized, options:transport=dt_socket,suspend=y,address=localhost:50743
C:\pleiades\2025-12\eclipse\configuration\org.eclipse.osgi\258\0\.cp\lib\javaagent-shaded.jar path:C:\pleiades\2025-12\java\21\bin\instrument.dll, loaded, initialized, instrumentlib options:none

dbghelp: loaded successfully - version: 4.0.5 - missing functions: none
symbol engine: initialized successfully - sym options: 0x614 - pdb path: .;C:\pleiades\2025-12\java\21\bin;C:\Windows\SYSTEM32;C:\Windows\WinSxS\amd64_microsoft.windows.common-controls_6595b64144ccf1df_6.0.26100.8457_none_3e0b2faee331e92d;C:\pleiades\2025-12\java\21\bin\server

VM Arguments:
jvm_args: -XX:+ShowCodeDetailsInExceptionMessages -agentlib:jdwp=transport=dt_socket,suspend=y,address=localhost:50743 -Dcom.sun.management.jmxremote -Dcom.sun.management.jmxremote.port=50742 -Dcom.sun.management.jmxremote.authenticate=false -Dcom.sun.management.jmxremote.ssl=false -Djava.rmi.server.hostname=localhost -Dspring.jmx.enabled=true -Dmanagement.endpoints.jmx.exposure.include=* -Dspring.application.admin.enabled=true -Dspring.output.ansi.enabled=always -XX:TieredStopAtLevel=1 -Dspring.boot.project.name=kitanoaji -javaagent:C:\pleiades\2025-12\eclipse\configuration\org.eclipse.osgi\258\0\.cp\lib\javaagent-shaded.jar -Dfile.encoding=UTF-8 -Dstdout.encoding=UTF-8 -Dstderr.encoding=UTF-8 
java_command: com.example.demo.KitanoajiApplication
java_class_path (initial): C:\Users\yokoikazusa\git\kitanoaji\target\classes;C:\Users\yokoikazusa\.m2\repository\org\springframework\boot\spring-boot-starter-data-jdbc\4.0.6\spring-boot-starter-data-jdbc-4.0.6.jar;C:\Users\yokoikazusa\.m2\repository\org\springframework\boot\spring-boot-starter\4.0.6\spring-boot-starter-4.0.6.jar;C:\Users\yokoikazusa\.m2\repository\org\springframework\boot\spring-boot-starter-logging\4.0.6\spring-boot-starter-logging-4.0.6.jar;C:\Users\yokoikazusa\.m2\repository\ch\qos\logback\logback-classic\1.5.32\logback-classic-1.5.32.jar;C:\Users\yokoikazusa\.m2\repository\ch\qos\logback\logback-core\1.5.32\logback-core-1.5.32.jar;C:\Users\yokoikazusa\.m2\repository\org\apache\logging\log4j\log4j-to-slf4j\2.25.4\log4j-to-slf4j-2.25.4.jar;C:\Users\yokoikazusa\.m2\repository\org\apache\logging\log4j\log4j-api\2.25.4\log4j-api-2.25.4.jar;C:\Users\yokoikazusa\.m2\repository\org\slf4j\jul-to-slf4j\2.0.17\jul-to-slf4j-2.0.17.jar;C:\Users\yokoikazusa\.m2\repository\jakarta\annotation\jakarta.annotation-api\3.0.0\jakarta.annotation-api-3.0.0.jar;C:\Users\yokoikazusa\.m2\repository\org\yaml\snakeyaml\2.5\snakeyaml-2.5.jar;C:\Users\yokoikazusa\.m2\repository\org\springframework\boot\spring-boot-starter-jdbc\4.0.6\spring-boot-starter-jdbc-4.0.6.jar;C:\Users\yokoikazusa\.m2\repository\com\zaxxer\HikariCP\7.0.2\HikariCP-7.0.2.jar;C:\Users\yokoikazusa\.m2\repository\org\slf4j\slf4j-api\2.0.17\slf4j-api-2.0.17.jar;C:\Users\yokoikazusa\.m2\repository\org\springframework\boot\spring-boot-data-jdbc\4.0.6\spring-boot-data-jdbc-4.0.6.jar;C:\Users\yokoikazusa\.m2\repository\org\springframework\boot\spring-boot-data-commons\4.0.6\spring-boot-data-commons-4.0.6.jar;C:\Users\yokoikazusa\.m2\repository\org\springframework\boot\spring-boot-persistence\4.0.6\spring-boot-persistence-4.0.6.jar;C:\Users\yokoikazusa\.m2\repository\org\springframework\data\spring-data-commons\4.0.5\spring-data-commons-4.0.5.jar;C:\Users\yokoikazusa\.m2\repository\org\springframework\data\spring-data-jdbc\4.0.5\spring-data-jdbc-4.0.5.jar;C:\Users\yokoikazusa\.m2\repository\org\springframework\data\spring-data-relational\4.0.5\spring-data-relational-4.0.5.jar;C:\Users\yokoikazusa\.m2\repository\org\springframework\spring-tx\7.0.7\spring-tx-7.0.7.jar;C:\Users\yokoikazusa\.m2\repository\org\springframework\spring-beans\7.0.7\spring-beans-7.0.7.jar;C:\Users\yokoikazusa\.m2\repository\org\springframework\boot\spring-boot-jdbc\4.0.6\spring-boot-jdbc-4.0.6.jar;C:\Users\yokoikazusa\.m2\repository\org\springframework\boot\spring-boot-sql\4.0.6\spring-boot-sql-4.0.6.jar;C:\Users\yokoikazusa\.m2\repository\org\springframework\boot\spring-boot-transaction\4.0.6\spring-boot-transaction-4.0.6.jar;C:\Users\yokoikazusa\.m2\repository\org\springframework\spring-jdbc\7.0.7\spring-jdbc-7.0.7.jar;C:\Users\yokoikazusa\.m2\repository\org\springframework\boot\spring-boot-starter-thymeleaf\4.0.6\spring-boot-starter-thymeleaf-4.0.6.jar;C:\Users\yokoikazusa\.m2\repository\org\springframework\boot\spring-boot-thymeleaf\4.0.6\spring-boot-thymeleaf-4.0.6.jar;C:\Users\yokoikazusa\.m2\repository\org\thymeleaf\thymeleaf-spring6\3.1.5.RELEASE\thymeleaf-spring6-3.1.5.RELEASE.jar;C:\Users\yokoikazusa\.m2\repository\org\thymeleaf\thymeleaf\3.1.5.RELEASE\thymeleaf-3.1.5.RELEASE.jar;C:\Users\yokoikazusa\.m2\repository\org\attoparser\attoparser\2.0.7.RELEASE\attoparser-2.0.7.RELEASE.jar;C:\Users\yokoikazusa\.m2\repository\org\unbescape\unbescape\1.1.6.RELEASE\unbescape-1.1.6.RELEASE.jar;C:\Users\yokoikazusa\.m2\repository\org\springframework\spring-web\7.0.7\spring-web-7.0.7.jar;C:\Users\yokoikazusa\.m2\repository\io\micrometer\micrometer-observation\1.16.5\micrometer-observation-1.16.5.jar;C:\Users\yokoikazusa\.m2\repository\io\micrometer\micrometer-commons\1.16.5\micrometer-commons-1.16.5.jar;C:\Users\yokoikazusa\.m2\repository\org\springframework\boot\spring-boot-starter-validation\4.0.6\spring-boot-starter-validation-4.0.6.jar;C:\Users\yokoikazusa\.m2\repository\org\springframework\boot\spring-boot-validation\4.0.6\spring-boot-validation-4.0.6.jar;C:\Users\yokoikazusa\.m2\repository\org\apache\tomcat\embed\tomcat-embed-el\11.0.21\tomcat-embed-el-11.0.21.jar;C:\Users\yokoikazusa\.m2\repository\org\hibernate\validator\hibernate-validator\9.0.1.Final\hibernate-validator-9.0.1.Final.jar;C:\Users\yokoikazusa\.m2\repository\jakarta\validation\jakarta.validation-api\3.1.1\jakarta.validation-api-3.1.1.jar;C:\Users\yokoikazusa\.m2\repository\org\jboss\logging\jboss-logging\3.6.3.Final\jboss-logging-3.6.3.Final.jar;C:\Users\yokoikazusa\.m2\repository\com\fasterxml\classmate\1.7.3\classmate-1.7.3.jar;C:\Users\yokoikazusa\.m2\repository\org\springframework\boot\spring-boot-starter-webmvc\4.0.6\spring-boot-starter-webmvc-4.0.6.jar;C:\Users\yokoikazusa\.m2\repository\org\springframework\boot\spring-boot-starter-jackson\4.0.6\spring-boot-starter-jackson-4.0.6.jar;C:\Users\yokoikazusa\.m2\repository\org\springframework\boot\spring-boot-jackson\4.0.6\spring-boot-jackson-4.0.6.jar;C:\Users\yokoikazusa\.m2\repository\tools\jackson\core\jackson-databind\3.1.2\jackson-databind-3.1.2.jar;C:\Users\yokoikazusa\.m2\repository\com\fasterxml\jackson\core\jackson-annotations\2.21\jackson-annotations-2.21.jar;C:\Users\yokoikazusa\.m2\repository\tools\jackson\core\jackson-core\3.1.2\jackson-core-3.1.2.jar;C:\Users\yokoikazusa\.m2\repository\org\springframework\boot\spring-boot-starter-tomcat\4.0.6\spring-boot-starter-tomcat-4.0.6.jar;C:\Users\yokoikazusa\.m2\repository\org\springframework\boot\spring-boot-starter-tomcat-runtime\4.0.6\spring-boot-starter-tomcat-runtime-4.0.6.jar;C:\Users\yokoikazusa\.m2\repository\org\apache\tomcat\embed\tomcat-embed-core\11.0.21\tomcat-embed-core-11.0.21.jar;C:\Users\yokoikazusa\.m2\repository\org\apache\tomcat\embed\tomcat-embed-websocket\11.0.21\tomcat-embed-websocket-11.0.21.jar;C:\Users\yokoikazusa\.m2\repository\org\springframework\boot\spring-boot-tomcat\4.0.6\spring-boot-tomcat-4.0.6.jar;C:\Users\yokoikazusa\.m2\repository\org\springframework\boot\spring-boot-http-converter\4.0.6\spring-boot-http-converter-4.0.6.jar;C:\Users\yokoikazusa\.m2\repository\org\springframework\boot\spring-boot-webmvc\4.0.6\spring-boot-webmvc-4.0.6.jar;C:\Users\yokoikazusa\.m2\repository\org\springframework\boot\spring-boot-servlet\4.0.6\spring-boot-servlet-4.0.6.jar;C:\Users\yokoikazusa\.m2\repository\org\springframework\spring-webmvc\7.0.7\spring-webmvc-7.0.7.jar;C:\Users\yokoikazusa\.m2\repository\org\springframework\spring-aop\7.0.7\spring-aop-7.0.7.jar;C:\Users\yokoikazusa\.m2\repository\org\springframework\spring-expression\7.0.7\spring-expression-7.0.7.jar;C:\Users\yokoikazusa\.m2\repository\org\springframework\boot\spring-boot-devtools\4.0.6\spring-boot-devtools-4.0.6.jar;C:\Users\yokoikazusa\.m2\repository\org\springframework\boot\spring-boot\4.0.6\spring-boot-4.0.6.jar;C:\Users\yokoikazusa\.m2\repository\org\springframework\spring-core\7.0.7\spring-core-7.0.7.jar;C:\Users\yokoikazusa\.m2\repository\commons-logging\commons-logging\1.3.6\commons-logging-1.3.6.jar;C:\Users\yokoikazusa\.m2\repository\org\jspecify\jspecify\1.0.0\jspecify-1.0.0.jar;C:\Users\yokoikazusa\.m2\repository\org\springframework\spring-context\7.0.7\spring-context-7.0.7.jar;C:\Users\yokoikazusa\.m2\repository\org\springframework\boot\spring-boot-autoconfigure\4.0.6\spring-boot-autoconfigure-4.0.6.jar;C:\Users\yokoikazusa\.m2\repository\org\postgresql\postgresql\42.7.10\postgresql-42.7.10.jar;C:\Users\yokoikazusa\.m2\repository\org\checkerframework\checker-qual\3.52.0\checker-qual-3.52.0.jar;C:\Users\yokoikazusa\.m2\repository\org\projectlombok\lombok\1.18.46\lombok-1.18.46.jar;C:\Users\yokoikazusa\.m2\repository\org\mybatis\spring\boot\mybatis-spring-boot-starter\4.0.1\mybatis-spring-boot-starter-4.0.1.jar;C:\Users\yokoikazusa\.m2\repository\org\mybatis\spring\boot\mybatis-spring-boot-autoconfigure\4.0.1\mybatis-spring-boot-autoconfigure-4.0.1.jar;C:\Users\yokoikazusa\.m2\repository\org\mybatis\mybatis\3.5.19\mybatis-3.5.19.jar;C:\Users\yokoikazusa\.m2\repository\org\mybatis\mybatis-spring\4.0.0\mybatis-spring-4.0.0.jar;C:\Users\yokoikazusa\.m2\repository\org\springframework\boot\spring-boot-web-server\4.0.6\spring-boot-web-server-4.0.6.jar;C:\Users\yokoikazusa\.m2\repository\org\springframework\security\spring-security-crypto\7.0.5\spring-security-crypto-7.0.5.jar
Launcher Type: SUN_STANDARD

[Global flags]
     intx CICompilerCount                          = 4                                         {product} {ergonomic}
     uint ConcGCThreads                            = 3                                         {product} {ergonomic}
     uint G1ConcRefinementThreads                  = 11                                        {product} {ergonomic}
   size_t G1HeapRegionSize                         = 4194304                                   {product} {ergonomic}
    uintx GCDrainStackTargetSize                   = 64                                        {product} {ergonomic}
   size_t InitialHeapSize                          = 528482304                                 {product} {ergonomic}
     bool ManagementServer                         = true                                      {product} {command line}
   size_t MarkStackSize                            = 4194304                                   {product} {ergonomic}
   size_t MaxHeapSize                              = 8447328256                                {product} {ergonomic}
   size_t MaxNewSize                               = 5066719232                                {product} {ergonomic}
   size_t MinHeapDeltaBytes                        = 4194304                                   {product} {ergonomic}
   size_t MinHeapSize                              = 8388608                                   {product} {ergonomic}
    uintx NonNMethodCodeHeapSize                   = 4096                                   {pd product} {ergonomic}
    uintx NonProfiledCodeHeapSize                  = 0                                      {pd product} {ergonomic}
     bool ProfileInterpreter                       = false                                  {pd product} {command line}
    uintx ProfiledCodeHeapSize                     = 0                                      {pd product} {ergonomic}
     bool ShowCodeDetailsInExceptionMessages       = true                                   {manageable} {command line}
   size_t SoftMaxHeapSize                          = 8447328256                             {manageable} {ergonomic}
     intx TieredStopAtLevel                        = 1                                         {product} {command line}
     bool UseCompressedOops                        = true                           {product lp64_product} {ergonomic}
     bool UseG1GC                                  = true                                      {product} {ergonomic}
     bool UseLargePagesIndividualAllocation        = false                                  {pd product} {ergonomic}

Logging:
Log output configuration:
 #0: stdout all=warning uptime,level,tags foldmultilines=false
 #1: stderr all=off uptime,level,tags foldmultilines=false

Release file:
IMPLEMENTOR="Eclipse Adoptium" 
IMPLEMENTOR_VERSION="Temurin-21.0.9+10" 
JAVA_RUNTIME_VERSION="21.0.9+10-LTS" 
JAVA_VERSION="21.0.9" 
JAVA_VERSION_DATE="2025-10-21" 
LIBC="default" 
MODULES="java.base java.compiler java.datatransfer java.xml java.prefs java.desktop java.instrument java.logging java.management java.security.sasl java.naming java.rmi java.management.rmi java.net.http java.scripting java.security.jgss java.transaction.xa java.sql java.sql.rowset java.xml.crypto java.se java.smartcardio jdk.accessibility jdk.internal.jvmstat jdk.attach jdk.charsets jdk.internal.opt jdk.zipfs jdk.compiler jdk.crypto.ec jdk.crypto.cryptoki jdk.crypto.mscapi jdk.dynalink jdk.internal.ed jdk.editpad jdk.hotspot.agent jdk.httpserver jdk.incubator.vector jdk.internal.le jdk.internal.vm.ci jdk.internal.vm.compiler jdk.internal.vm.compiler.management jdk.jartool jdk.javadoc jdk.jcmd jdk.management jdk.management.agent jdk.jconsole jdk.jdeps jdk.jdwp.agent jdk.jdi jdk.jfr jdk.jlink jdk.jpackage jdk.jshell jdk.jsobject jdk.jstatd jdk.localedata jdk.management.jfr jdk.naming.dns jdk.naming.rmi jdk.net jdk.nio.mapmode jdk.random jdk.sctp jdk.security.auth jdk.security.jgss jdk.unsupported jdk.unsupported.desktop jdk.xml.dom" 
OS_ARCH="x86_64" 
OS_NAME="Windows" 
SOURCE=".:git:759062135b07" 
BUILD_SOURCE="git:839fa0b45d809157cffd3dc8515aad262a4a1776"
BUILD_SOURCE_REPO="https://github.com/adoptium/temurin-build.git"
SOURCE_REPO="https://github.com/adoptium/jdk21u.git"
FULL_VERSION="21.0.9+10-LTS"
SEMANTIC_VERSION="21.0.9+10"
BUILD_INFO="OS: Windows Server 2022 Version: 10.0"
JVM_VARIANT="Hotspot"
JVM_VERSION="21.0.9+10-LTS"
IMAGE_TYPE="JDK"

Environment Variables:
PATH=C:/pleiades/2025-12/java/21/bin/server;C:/pleiades/2025-12/java/21/bin;C:\Windows\system32;C:\Windows;C:\Windows\System32\Wbem;C:\Windows\System32\WindowsPowerShell\v1.0\;C:\Windows\System32\OpenSSH\;C:\Program Files\dotnet\;C:\Program Files\Git\cmd;C:\Users\yokoikazusa\AppData\Local\Microsoft\WindowsApps;C:\Users\yokoikazusa\AppData\Local\Programs\Microsoft VS Code\bin;C:\pleiades\2025-12\eclipse;
USERNAME=yokoikazusa
OS=Windows_NT
PROCESSOR_IDENTIFIER=Intel64 Family 6 Model 170 Stepping 4, GenuineIntel
TMP=C:\Users\YOKOIK~1\AppData\Local\Temp
TEMP=C:\Users\YOKOIK~1\AppData\Local\Temp




Periodic native trim disabled

---------------  S Y S T E M  ---------------

OS:
 Windows 11 , 64 bit Build 26100 (10.0.26100.8328)
OS uptime: 3 days 20:28 hours
Hyper-V role detected

CPU: total 14 (initial active 14) (7 cores per cpu, 2 threads per core) family 6 model 170 stepping 4 microcode 0x28, cx8, cmov, fxsr, ht, mmx, 3dnowpref, sse, sse2, sse3, ssse3, sse4.1, sse4.2, popcnt, lzcnt, tsc, tscinvbit, avx, avx2, aes, erms, clmul, bmi1, bmi2, adx, sha, fma, vzeroupper, clflush, clflushopt, clwb, hv, serialize, rdtscp, rdpid, fsrm, f16c, cet_ibt, cet_ss
Processor Information for processor 0
  Max Mhz: 1700, Current Mhz: 1700, Mhz Limit: 1700
Processor Information for processor 1
  Max Mhz: 1700, Current Mhz: 1700, Mhz Limit: 1700
Processor Information for processor 2
  Max Mhz: 1200, Current Mhz: 1200, Mhz Limit: 1200
Processor Information for processor 3
  Max Mhz: 1200, Current Mhz: 1200, Mhz Limit: 1200
Processor Information for processor 4
  Max Mhz: 1200, Current Mhz: 1200, Mhz Limit: 1200
Processor Information for processor 5
  Max Mhz: 1200, Current Mhz: 1200, Mhz Limit: 1200
Processor Information for processor 6
  Max Mhz: 1200, Current Mhz: 1200, Mhz Limit: 1200
Processor Information for processor 7
  Max Mhz: 1200, Current Mhz: 1200, Mhz Limit: 1200
Processor Information for processor 8
  Max Mhz: 1200, Current Mhz: 1200, Mhz Limit: 1200
Processor Information for processor 9
  Max Mhz: 1200, Current Mhz: 1200, Mhz Limit: 1200
Processor Information for processor 10
  Max Mhz: 1700, Current Mhz: 1700, Mhz Limit: 1700
Processor Information for processor 11
  Max Mhz: 1700, Current Mhz: 1700, Mhz Limit: 1700
Processor Information for processor 12
  Max Mhz: 700, Current Mhz: 700, Mhz Limit: 700
Processor Information for processor 13
  Max Mhz: 700, Current Mhz: 700, Mhz Limit: 700

Memory: 4k page, system-wide physical 32212M (11815M free)
TotalPageFile size 35156M (AvailPageFile size 3822M)
current process WorkingSet (physical memory assigned to process): 248M, peak: 313M
current process commit charge ("private bytes"): 293M, peak: 642M

vm_info: OpenJDK 64-Bit Server VM (21.0.9+10-LTS) for windows-amd64 JRE (21.0.9+10-LTS), built on 2025-10-21T00:00:00Z by "admin" with unknown MS VC++:1942

END.
